<html>
<body>
<pre>
<h1>µVision Build Log</h1>
<h2>Tool Versions:</h2>
IDE-Version: µVision V5.22.0.0
Copyright (C) 2016 ARM Ltd and ARM Germany GmbH. All rights reserved.
License Information: a c, d, LIC=LJWMM-XS0MJ-BWF2G-VEV27-NI0FG-8Z57Z
 
Tool Versions:
Toolchain:       MDK-ARM Professional  Version: 5.22
Toolchain Path:  D:\Program Files (x86)\Keil_v5\ARM\ARMCC\Bin
C Compiler:      Armcc.exe V5.06 update 4 (build 422)
Assembler:       Armasm.exe V5.06 update 4 (build 422)
Linker/Locator:  ArmLink.exe V5.06 update 4 (build 422)
Library Manager: ArmAr.exe V5.06 update 4 (build 422)
Hex Converter:   FromElf.exe V5.06 update 4 (build 422)
CPU DLL:         SARMCM3.DLL V5.22
Dialog DLL:      DCM.DLL V1.13.9.0
Target DLL:      STLink\ST-LINKIII-KEIL_SWO.dll V2.0.18.0
Dialog DLL:      TCM.DLL V1.21.0.0
 
<h2>Project:</h2>
E:\STM32\Bootloader_Project\Bootloader\MDK-ARM\Bootloader.uvprojx
Project File Date:  05/31/2018

<h2>Output:</h2>
*** Using Compiler 'V5.06 update 4 (build 422)', folder: 'D:\Program Files (x86)\Keil_v5\ARM\ARMCC\Bin'
Build target 'Bootloader'
compiling bl_command.c...
../Inc/bl_command.h(38): warning:  #1-D: last line of file ends without a newline
  #endif
..\Src\bl_command.c(25): warning:  #167-D: argument of type "char *" is incompatible with parameter of type "uint8_t *"
  		
ainComm_SendString(CmdArray[i].description);
..\Src\bl_command.c(52): warning:  #167-D: argument of type "char *" is incompatible with parameter of type "uint8_t *"
  	
ainComm_SendString(cmd->description);
..\Src\bl_command.c(83): warning:  #1-D: last line of file ends without a newline
  }
..\Src\bl_command.c: 4 warnings, 0 errors
linking...
Program Size: Code=11676 RO-data=416 RW-data=48 ZI-data=1104  
"Bootloader\Bootloader.axf" - 0 Error(s), 4 Warning(s).

<h2>Software Packages used:</h2>

Package Vendor: ARM
                http://www.keil.com/pack/ARM.CMSIS.5.0.0.pack
                ARM::CMSIS:CORE:5.0.0
                CMSIS (Cortex Microcontroller Software Interface Standard)
   * Component: CORE Version: 5.0.0

<h2>Collection of Component include folders:</h2>
  E:\STM32\Bootloader_Project\Bootloader\MDK-ARM\RTE\_Bootloader
  D:\Program Files (x86)\Keil_v5\ARM\PACK\ARM\CMSIS\5.0.0\CMSIS\Include
  D:\Program Files (x86)\Keil_v5\ARM\PACK\Keil\STM32F1xx_DFP\2.1.0\Device\Include

<h2>Collection of Component Files used:</h2>

   * Component: ARM::CMSIS:CORE:5.0.0
Build Time Elapsed:  00:00:01
</pre>
</body>
</html>
