Component: ARM Compiler 5.06 update 4 (build 422) Tool: armlink [4d35d2]

==============================================================================

Section Cross References

    startup_stm32f103xb.o(RESET) refers to startup_stm32f103xb.o(STACK) for __initial_sp
    startup_stm32f103xb.o(RESET) refers to startup_stm32f103xb.o(.text) for Reset_Handler
    startup_stm32f103xb.o(RESET) refers to stm32f1xx_it.o(i.NMI_Handler) for NMI_Handler
    startup_stm32f103xb.o(RESET) refers to stm32f1xx_it.o(i.HardFault_Handler) for HardFault_Handler
    startup_stm32f103xb.o(RESET) refers to stm32f1xx_it.o(i.MemManage_Handler) for MemManage_Handler
    startup_stm32f103xb.o(RESET) refers to stm32f1xx_it.o(i.BusFault_Handler) for BusFault_Handler
    startup_stm32f103xb.o(RESET) refers to stm32f1xx_it.o(i.UsageFault_Handler) for UsageFault_Handler
    startup_stm32f103xb.o(RESET) refers to stm32f1xx_it.o(i.SVC_Handler) for SVC_Handler
    startup_stm32f103xb.o(RESET) refers to stm32f1xx_it.o(i.DebugMon_Handler) for DebugMon_Handler
    startup_stm32f103xb.o(RESET) refers to stm32f1xx_it.o(i.PendSV_Handler) for PendSV_Handler
    startup_stm32f103xb.o(RESET) refers to stm32f1xx_it.o(i.SysTick_Handler) for SysTick_Handler
    startup_stm32f103xb.o(.text) refers to system_stm32f1xx.o(i.SystemInit) for SystemInit
    startup_stm32f103xb.o(.text) refers to entry.o(.ARM.Collect$$$$00000000) for __main
    system_stm32f1xx.o(i.SystemCoreClockUpdate) refers to system_stm32f1xx.o(.data) for SystemCoreClock
    system_stm32f1xx.o(i.SystemCoreClockUpdate) refers to system_stm32f1xx.o(.constdata) for AHBPrescTable
    stm32f1xx_it.o(i.SysTick_Handler) refers to stm32f1xx_hal.o(i.HAL_IncTick) for HAL_IncTick
    stm32f1xx_it.o(i.SysTick_Handler) refers to stm32f1xx_hal_cortex.o(i.HAL_SYSTICK_IRQHandler) for HAL_SYSTICK_IRQHandler
    stm32f1xx_hal_msp.o(i.HAL_MspInit) refers to stm32f1xx_hal_cortex.o(i.HAL_NVIC_SetPriorityGrouping) for HAL_NVIC_SetPriorityGrouping
    stm32f1xx_hal_msp.o(i.HAL_MspInit) refers to stm32f1xx_hal_cortex.o(i.HAL_NVIC_SetPriority) for HAL_NVIC_SetPriority
    main.o(i.SystemClock_Config) refers to stm32f1xx_hal_rcc.o(i.HAL_RCC_OscConfig) for HAL_RCC_OscConfig
    main.o(i.SystemClock_Config) refers to main.o(i.Error_Handler) for Error_Handler
    main.o(i.SystemClock_Config) refers to stm32f1xx_hal_rcc.o(i.HAL_RCC_ClockConfig) for HAL_RCC_ClockConfig
    main.o(i.SystemClock_Config) refers to stm32f1xx_hal_rcc.o(i.HAL_RCC_GetHCLKFreq) for HAL_RCC_GetHCLKFreq
    main.o(i.SystemClock_Config) refers to stm32f1xx_hal_cortex.o(i.HAL_SYSTICK_Config) for HAL_SYSTICK_Config
    main.o(i.SystemClock_Config) refers to stm32f1xx_hal_cortex.o(i.HAL_SYSTICK_CLKSourceConfig) for HAL_SYSTICK_CLKSourceConfig
    main.o(i.SystemClock_Config) refers to stm32f1xx_hal_cortex.o(i.HAL_NVIC_SetPriority) for HAL_NVIC_SetPriority
    main.o(i.main) refers to stm32f1xx_hal.o(i.HAL_Init) for HAL_Init
    main.o(i.main) refers to main.o(i.SystemClock_Config) for SystemClock_Config
    main.o(i.main) refers to gpio.o(i.MX_GPIO_Init) for MX_GPIO_Init
    main.o(i.main) refers to usart.o(i.MX_USART1_UART_Init) for MX_USART1_UART_Init
    main.o(i.main) refers to usart.o(i.MX_USART2_UART_Init) for MX_USART2_UART_Init
    main.o(i.main) refers to stm32f1xx_hal_uart.o(i.HAL_UART_Transmit) for HAL_UART_Transmit
    main.o(i.main) refers to amc_lib.o(i.iprintf) for iprintf
    main.o(i.main) refers to stm32f1xx_hal_uart.o(i.HAL_UART_Receive) for HAL_UART_Receive
    main.o(i.main) refers to bl_command.o(i.commandAllDisplay) for commandAllDisplay
    main.o(i.main) refers to bl_command.o(i.commandGet) for commandGet
    main.o(i.main) refers to bl_command.o(i.commandRun) for commandRun
    main.o(i.main) refers to usart.o(.bss) for huart2
    usart.o(i.HAL_UART_MspDeInit) refers to stm32f1xx_hal_gpio.o(i.HAL_GPIO_DeInit) for HAL_GPIO_DeInit
    usart.o(i.HAL_UART_MspInit) refers to stm32f1xx_hal_gpio.o(i.HAL_GPIO_Init) for HAL_GPIO_Init
    usart.o(i.MX_USART1_UART_Init) refers to stm32f1xx_hal_uart.o(i.HAL_UART_Init) for HAL_UART_Init
    usart.o(i.MX_USART1_UART_Init) refers to main.o(i.Error_Handler) for Error_Handler
    usart.o(i.MX_USART1_UART_Init) refers to usart.o(.bss) for huart1
    usart.o(i.MX_USART2_UART_Init) refers to stm32f1xx_hal_uart.o(i.HAL_UART_Init) for HAL_UART_Init
    usart.o(i.MX_USART2_UART_Init) refers to main.o(i.Error_Handler) for Error_Handler
    usart.o(i.MX_USART2_UART_Init) refers to usart.o(.bss) for huart2
    iwdg.o(i.MX_IWDG_Init) refers to stm32f1xx_hal_iwdg.o(i.HAL_IWDG_Init) for HAL_IWDG_Init
    iwdg.o(i.MX_IWDG_Init) refers to main.o(i.Error_Handler) for Error_Handler
    iwdg.o(i.MX_IWDG_Init) refers to iwdg.o(.bss) for hiwdg
    bl_command.o(i.commandAllDisplay) refers to stm32f1xx_hal_uart.o(i.HAL_UART_Transmit) for HAL_UART_Transmit
    bl_command.o(i.commandAllDisplay) refers to usart.o(.bss) for huart2
    bl_command.o(i.commandAllDisplay) refers to bl_command.o(.data) for CmdArray
[...]
    stm32f1xx_hal_flash_ex.o(i.FLASH_OB_DisableWRP) refers to stm32f1xx_hal_flash_ex.o(i.FLASH_OB_GetWRP) for FLASH_OB_GetWRP
    stm32f1xx_hal_flash_ex.o(i.FLASH_OB_DisableWRP) refers to stm32f1xx_hal_flash.o(i.FLASH_WaitForLastOperation) for FLASH_WaitForLastOperation
    stm32f1xx_hal_flash_ex.o(i.FLASH_OB_DisableWRP) refers to stm32f1xx_hal_flash_ex.o(i.HAL_FLASHEx_OBErase) for HAL_FLASHEx_OBErase
    stm32f1xx_hal_flash_ex.o(i.FLASH_OB_DisableWRP) refers to stm32f1xx_hal_flash.o(.bss) for pFlash
    stm32f1xx_hal_flash_ex.o(i.FLASH_OB_EnableWRP) refers to stm32f1xx_hal_flash_ex.o(i.FLASH_OB_GetWRP) for FLASH_OB_GetWRP
    stm32f1xx_hal_flash_ex.o(i.FLASH_OB_EnableWRP) refers to stm32f1xx_hal_flash.o(i.FLASH_WaitForLastOperation) for FLASH_WaitForLastOperation
    stm32f1xx_hal_flash_ex.o(i.FLASH_OB_EnableWRP) refers to stm32f1xx_hal_flash_ex.o(i.HAL_FLASHEx_OBErase) for HAL_FLASHEx_OBErase
    stm32f1xx_hal_flash_ex.o(i.FLASH_OB_EnableWRP) refers to stm32f1xx_hal_flash.o(.bss) for pFlash
    stm32f1xx_hal_flash_ex.o(i.FLASH_OB_ProgramData) refers to stm32f1xx_hal_flash.o(i.FLASH_WaitForLastOperation) for FLASH_WaitForLastOperation
    stm32f1xx_hal_flash_ex.o(i.FLASH_OB_ProgramData) refers to stm32f1xx_hal_flash.o(.bss) for pFlash
    stm32f1xx_hal_flash_ex.o(i.FLASH_OB_RDP_LevelConfig) refers to stm32f1xx_hal_flash.o(i.FLASH_WaitForLastOperation) for FLASH_WaitForLastOperation
    stm32f1xx_hal_flash_ex.o(i.FLASH_OB_RDP_LevelConfig) refers to stm32f1xx_hal_flash.o(.bss) for pFlash
    stm32f1xx_hal_flash_ex.o(i.FLASH_OB_UserConfig) refers to stm32f1xx_hal_flash.o(i.FLASH_WaitForLastOperation) for FLASH_WaitForLastOperation
    stm32f1xx_hal_flash_ex.o(i.FLASH_OB_UserConfig) refers to stm32f1xx_hal_flash.o(.bss) for pFlash
    stm32f1xx_hal_flash_ex.o(i.FLASH_PageErase) refers to stm32f1xx_hal_flash.o(.bss) for pFlash
    stm32f1xx_hal_flash_ex.o(i.HAL_FLASHEx_Erase) refers to stm32f1xx_hal_flash.o(i.FLASH_WaitForLastOperation) for FLASH_WaitForLastOperation
    stm32f1xx_hal_flash_ex.o(i.HAL_FLASHEx_Erase) refers to stm32f1xx_hal_flash_ex.o(i.FLASH_MassErase) for FLASH_MassErase
    stm32f1xx_hal_flash_ex.o(i.HAL_FLASHEx_Erase) refers to stm32f1xx_hal_flash_ex.o(i.FLASH_PageErase) for FLASH_PageErase
    stm32f1xx_hal_flash_ex.o(i.HAL_FLASHEx_Erase) refers to stm32f1xx_hal_flash.o(.bss) for pFlash
    stm32f1xx_hal_flash_ex.o(i.HAL_FLASHEx_Erase_IT) refers to stm32f1xx_hal_flash_ex.o(i.FLASH_MassErase) for FLASH_MassErase
    stm32f1xx_hal_flash_ex.o(i.HAL_FLASHEx_Erase_IT) refers to stm32f1xx_hal_flash_ex.o(i.FLASH_PageErase) for FLASH_PageErase
    stm32f1xx_hal_flash_ex.o(i.HAL_FLASHEx_Erase_IT) refers to stm32f1xx_hal_flash.o(.bss) for pFlash
    stm32f1xx_hal_flash_ex.o(i.HAL_FLASHEx_OBErase) refers to stm32f1xx_hal_flash_ex.o(i.FLASH_OB_GetRDP) for FLASH_OB_GetRDP
    stm32f1xx_hal_flash_ex.o(i.HAL_FLASHEx_OBErase) refers to stm32f1xx_hal_flash.o(i.FLASH_WaitForLastOperation) for FLASH_WaitForLastOperation
    stm32f1xx_hal_flash_ex.o(i.HAL_FLASHEx_OBErase) refers to stm32f1xx_hal_flash_ex.o(i.FLASH_OB_RDP_LevelConfig) for FLASH_OB_RDP_LevelConfig
    stm32f1xx_hal_flash_ex.o(i.HAL_FLASHEx_OBErase) refers to stm32f1xx_hal_flash.o(.bss) for pFlash
    stm32f1xx_hal_flash_ex.o(i.HAL_FLASHEx_OBGetConfig) refers to stm32f1xx_hal_flash_ex.o(i.FLASH_OB_GetWRP) for FLASH_OB_GetWRP
    stm32f1xx_hal_flash_ex.o(i.HAL_FLASHEx_OBGetConfig) refers to stm32f1xx_hal_flash_ex.o(i.FLASH_OB_GetRDP) for FLASH_OB_GetRDP
    stm32f1xx_hal_flash_ex.o(i.HAL_FLASHEx_OBGetConfig) refers to stm32f1xx_hal_flash_ex.o(i.FLASH_OB_GetUser) for FLASH_OB_GetUser
    stm32f1xx_hal_flash_ex.o(i.HAL_FLASHEx_OBProgram) refers to stm32f1xx_hal_flash_ex.o(i.FLASH_OB_EnableWRP) for FLASH_OB_EnableWRP
    stm32f1xx_hal_flash_ex.o(i.HAL_FLASHEx_OBProgram) refers to stm32f1xx_hal_flash_ex.o(i.FLASH_OB_DisableWRP) for FLASH_OB_DisableWRP
    stm32f1xx_hal_flash_ex.o(i.HAL_FLASHEx_OBProgram) refers to stm32f1xx_hal_flash_ex.o(i.FLASH_OB_RDP_LevelConfig) for FLASH_OB_RDP_LevelConfig
    stm32f1xx_hal_flash_ex.o(i.HAL_FLASHEx_OBProgram) refers to stm32f1xx_hal_flash_ex.o(i.FLASH_OB_UserConfig) for FLASH_OB_UserConfig
    stm32f1xx_hal_flash_ex.o(i.HAL_FLASHEx_OBProgram) refers to stm32f1xx_hal_flash_ex.o(i.FLASH_OB_ProgramData) for FLASH_OB_ProgramData
    stm32f1xx_hal_flash_ex.o(i.HAL_FLASHEx_OBProgram) refers to stm32f1xx_hal_flash.o(.bss) for pFlash
    stm32f1xx_hal_rcc_ex.o(i.HAL_RCCEx_GetPeriphCLKFreq) refers to stm32f1xx_hal_rcc.o(i.HAL_RCC_GetPCLK2Freq) for HAL_RCC_GetPCLK2Freq
    stm32f1xx_hal_rcc_ex.o(i.HAL_RCCEx_PeriphCLKConfig) refers to stm32f1xx_hal.o(i.HAL_GetTick) for HAL_GetTick
    stm32f1xx_hal_rcc.o(i.HAL_RCC_ClockConfig) refers to stm32f1xx_hal.o(i.HAL_GetTick) for HAL_GetTick
    stm32f1xx_hal_rcc.o(i.HAL_RCC_ClockConfig) refers to stm32f1xx_hal_rcc.o(i.HAL_RCC_GetSysClockFreq) for HAL_RCC_GetSysClockFreq
    stm32f1xx_hal_rcc.o(i.HAL_RCC_ClockConfig) refers to stm32f1xx_hal.o(i.HAL_InitTick) for HAL_InitTick
    stm32f1xx_hal_rcc.o(i.HAL_RCC_ClockConfig) refers to system_stm32f1xx.o(.constdata) for AHBPrescTable
    stm32f1xx_hal_rcc.o(i.HAL_RCC_ClockConfig) refers to system_stm32f1xx.o(.data) for SystemCoreClock
    stm32f1xx_hal_rcc.o(i.HAL_RCC_DeInit) refers to system_stm32f1xx.o(.data) for SystemCoreClock
    stm32f1xx_hal_rcc.o(i.HAL_RCC_GetHCLKFreq) refers to system_stm32f1xx.o(.data) for SystemCoreClock
    stm32f1xx_hal_rcc.o(i.HAL_RCC_GetPCLK1Freq) refers to stm32f1xx_hal_rcc.o(i.HAL_RCC_GetHCLKFreq) for HAL_RCC_GetHCLKFreq
    stm32f1xx_hal_rcc.o(i.HAL_RCC_GetPCLK1Freq) refers to system_stm32f1xx.o(.constdata) for APBPrescTable
    stm32f1xx_hal_rcc.o(i.HAL_RCC_GetPCLK2Freq) refers to stm32f1xx_hal_rcc.o(i.HAL_RCC_GetHCLKFreq) for HAL_RCC_GetHCLKFreq
    stm32f1xx_hal_rcc.o(i.HAL_RCC_GetPCLK2Freq) refers to system_stm32f1xx.o(.constdata) for APBPrescTable
    stm32f1xx_hal_rcc.o(i.HAL_RCC_MCOConfig) refers to stm32f1xx_hal_gpio.o(i.HAL_GPIO_Init) for HAL_GPIO_Init
    stm32f1xx_hal_rcc.o(i.HAL_RCC_NMI_IRQHandler) refers to stm32f1xx_hal_rcc.o(i.HAL_RCC_CSSCallback) for HAL_RCC_CSSCallback
    stm32f1xx_hal_rcc.o(i.HAL_RCC_OscConfig) refers to stm32f1xx_hal.o(i.HAL_GetTick) for HAL_GetTick
    stm32f1xx_hal_rcc.o(i.HAL_RCC_OscConfig) refers to stm32f1xx_hal.o(i.HAL_Delay) for HAL_Delay
    stm32f1xx_hal_cortex.o(i.HAL_NVIC_GetPriorityGrouping) refers to stm32f1xx_hal_cortex.o(i.NVIC_GetPriorityGrouping) for NVIC_GetPriorityGrouping
    stm32f1xx_hal_cortex.o(i.HAL_NVIC_SetPriority) refers to stm32f1xx_hal_cortex.o(i.NVIC_GetPriorityGrouping) for NVIC_GetPriorityGrouping
    stm32f1xx_hal_cortex.o(i.HAL_NVIC_SetPriority) refers to stm32f1xx_hal_cortex.o(i.NVIC_SetPriority) for NVIC_SetPriority
    stm32f1xx_hal_cortex.o(i.HAL_SYSTICK_Config) refers to stm32f1xx_hal_cortex.o(i.NVIC_SetPriority) for NVIC_SetPriority
    stm32f1xx_hal_cortex.o(i.HAL_SYSTICK_IRQHandler) refers to stm32f1xx_hal_cortex.o(i.HAL_SYSTICK_Callback) for HAL_SYSTICK_Callback
    stm32f1xx_hal_flash.o(i.FLASH_Program_HalfWord) refers to stm32f1xx_hal_flash.o(.bss) for pFlash
    stm32f1xx_hal_flash.o(i.FLASH_SetErrorCode) refers to stm32f1xx_hal_flash.o(.bss) for pFlash
    stm32f1xx_hal_flash.o(i.FLASH_WaitForLastOperation) refers to stm32f1xx_hal.o(i.HAL_GetTick) for HAL_GetTick
    stm32f1xx_hal_flash.o(i.FLASH_WaitForLastOperation) refers to stm32f1xx_hal_flash.o(i.FLASH_SetErrorCode) for FLASH_SetErrorCode
    stm32f1xx_hal_flash.o(i.HAL_FLASH_GetError) refers to stm32f1xx_hal_flash.o(.bss) for pFlash
    stm32f1xx_hal_flash.o(i.HAL_FLASH_IRQHandler) refers to stm32f1xx_hal_flash.o(i.FLASH_SetErrorCode) for FLASH_SetErrorCode
    stm32f1xx_hal_flash.o(i.HAL_FLASH_IRQHandler) refers to stm32f1xx_hal_flash.o(i.HAL_FLASH_OperationErrorCallback) for HAL_FLASH_OperationErrorCallback
    stm32f1xx_hal_flash.o(i.HAL_FLASH_IRQHandler) refers to stm32f1xx_hal_flash.o(i.HAL_FLASH_EndOfOperationCallback) for HAL_FLASH_EndOfOperationCallback
    stm32f1xx_hal_flash.o(i.HAL_FLASH_IRQHandler) refers to stm32f1xx_hal_flash_ex.o(i.FLASH_PageErase) for FLASH_PageErase
    stm32f1xx_hal_flash.o(i.HAL_FLASH_IRQHandler) refers to stm32f1xx_hal_flash.o(i.FLASH_Program_HalfWord) for FLASH_Program_HalfWord
    stm32f1xx_hal_flash.o(i.HAL_FLASH_IRQHandler) refers to stm32f1xx_hal_flash.o(.bss) for pFlash
    stm32f1xx_hal_flash.o(i.HAL_FLASH_OB_Launch) refers to stm32f1xx_hal_cortex.o(i.HAL_NVIC_SystemReset) for HAL_NVIC_SystemReset
    stm32f1xx_hal_flash.o(i.HAL_FLASH_Program) refers to stm32f1xx_hal_flash.o(i.FLASH_WaitForLastOperation) for FLASH_WaitForLastOperation
    stm32f1xx_hal_flash.o(i.HAL_FLASH_Program) refers to llushr.o(.text) for __aeabi_llsr
    stm32f1xx_hal_flash.o(i.HAL_FLASH_Program) refers to stm32f1xx_hal_flash.o(i.FLASH_Program_HalfWord) for FLASH_Program_HalfWord
    stm32f1xx_hal_flash.o(i.HAL_FLASH_Program) refers to stm32f1xx_hal_flash.o(.bss) for pFlash
    stm32f1xx_hal_flash.o(i.HAL_FLASH_Program_IT) refers to stm32f1xx_hal_flash.o(i.FLASH_Program_HalfWord) for FLASH_Program_HalfWord
    stm32f1xx_hal_flash.o(i.HAL_FLASH_Program_IT) refers to stm32f1xx_hal_flash.o(.bss) for pFlash
    stm32f1xx_hal_iwdg.o(i.HAL_IWDG_Init) refers to stm32f1xx_hal_iwdg.o(i.HAL_IWDG_MspInit) for HAL_IWDG_MspInit
    stm32f1xx_hal_iwdg.o(i.HAL_IWDG_Refresh) refers to stm32f1xx_hal.o(i.HAL_GetTick) for HAL_GetTick
    amc_lib.o(i.array_printf) refers to strlen.o(.text) for strlen
    amc_lib.o(i.array_printf) refers to amc_lib.o(i.iprintf) for iprintf
    amc_lib.o(i.cmd_printf) refers to amc_lib.o(i.iprintf) for iprintf
    amc_lib.o(i.err_printf) refers to printfa.o(i.__0vsprintf) for vsprintf
    amc_lib.o(i.igetc) refers to cqueue.o(i.cdc_fifo_pop2) for cdc_fifo_pop2
    amc_lib.o(i.iprintf) refers to printfa.o(i.__0vsprintf) for vsprintf
    amc_lib.o(i.iprintf) refers to stm32f1xx_hal_uart.o(i.HAL_UART_Transmit) for HAL_UART_Transmit
    amc_lib.o(i.iprintf) refers to usart.o(.bss) for huart2
    amc_lib.o(i.mEnterInput) refers to memseta.o(.text) for __aeabi_memclr4
    amc_lib.o(i.mEnterInput) refers to amc_lib.o(i.igetc) for igetc
    amc_lib.o(i.mEnterInput) refers to amc_lib.o(i.iprintf) for iprintf
    amc_lib.o(i.mgets) refers to memseta.o(.text) for __aeabi_memclr4
    amc_lib.o(i.mgets) refers to amc_lib.o(i.igetc) for igetc
    amc_lib.o(i.mgets) refers to amc_lib.o(i.iprintf) for iprintf
    amc_lib.o(i.rsp_printf) refers to amc_lib.o(i.iprintf) for iprintf
    cqueue.o(i.cdc_fifo_clear) refers to memseta.o(.text) for __aeabi_memclr
    cqueue.o(i.cdc_fifo_clear) refers to cqueue.o(.bss) for cdc_cq
    cqueue.o(i.cdc_fifo_pop) refers to cqueue.o(i.check_cdc_cqueue) for check_cdc_cqueue
    cqueue.o(i.cdc_fifo_pop) refers to cqueue.o(.bss) for cdc_cq
    cqueue.o(i.cdc_fifo_pop2) refers to cqueue.o(i.check_cdc_cqueue) for check_cdc_cqueue
    cqueue.o(i.cdc_fifo_pop2) refers to cqueue.o(.bss) for cdc_cq
    cqueue.o(i.check_cdc_cqueue) refers to cqueue.o(.bss) for cdc_cq
    cqueue.o(i.check_cqueue) refers to cqueue.o(.bss) for cq
    cqueue.o(i.check_usb_cqueue) refers to cqueue.o(.bss) for usb_cq
    cqueue.o(i.rx_fifo_clear) refers to memseta.o(.text) for __aeabi_memclr
    cqueue.o(i.rx_fifo_clear) refers to cqueue.o(.bss) for cq
    cqueue.o(i.rx_fifo_pop) refers to cqueue.o(i.check_cqueue) for check_cqueue
    cqueue.o(i.rx_fifo_pop) refers to cqueue.o(.bss) for cq
    cqueue.o(i.usb_fifo_clear) refers to memseta.o(.text) for __aeabi_memclr
    cqueue.o(i.usb_fifo_clear) refers to cqueue.o(.bss) for usb_cq
    cqueue.o(i.usb_fifo_pop) refers to cqueue.o(i.check_usb_cqueue) for check_usb_cqueue
    cqueue.o(i.usb_fifo_pop) refers to memcpya.o(.text) for __aeabi_memcpy
    cqueue.o(i.usb_fifo_pop) refers to cqueue.o(.bss) for usb_cq
    cqueue.o(i.write_cdc_queue) refers to cqueue.o(.bss) for cdc_cq
    cqueue.o(i.write_queue) refers to cqueue.o(.bss) for cq
    cqueue.o(i.write_usb_queue) refers to memcpya.o(.text) for __aeabi_memcpy
    cqueue.o(i.write_usb_queue) refers to cqueue.o(.bss) for usb_cq
    crc16.o(i.crc16_ccitt) refers to crc16.o(.constdata) for crc16tab
    download.o(i.SerialDownload) refers to stm32f1xx_hal_uart.o(i.HAL_UART_Transmit) for HAL_UART_Transmit
    download.o(i.SerialDownload) refers to stm32f1xx_hal_flash.o(i.HAL_FLASH_Unlock) for HAL_FLASH_Unlock
    download.o(i.SerialDownload) refers to ymodem.o(i.Ymodem_Receive) for Ymodem_Receive
    download.o(i.SerialDownload) refers to common.o(i.Int2Str) for Int2Str
    download.o(i.SerialDownload) refers to usart.o(.bss) for huart2
    download.o(i.SerialDownload) refers to download.o(.bss) for tab_1024
    download.o(i.SerialDownload) refers to download.o(.conststring) for .conststring
    download.o(i.SerialDownload) refers to ymodem.o(.bss) for file_name
    ymodem.o(i.Receive_Packet) refers to stm32f1xx_hal_uart.o(i.HAL_UART_Receive) for HAL_UART_Receive
    ymodem.o(i.Receive_Packet) refers to usart.o(.bss) for huart1
    ymodem.o(i.Send_Byte) refers to stm32f1xx_hal_uart.o(i.HAL_UART_Transmit) for HAL_UART_Transmit
    ymodem.o(i.Send_Byte) refers to usart.o(.bss) for huart1
    ymodem.o(i.Ymodem_Receive) refers to ymodem.o(i.Receive_Packet) for Receive_Packet
    ymodem.o(i.Ymodem_Receive) refers to ymodem.o(i.Send_Byte) for Send_Byte
    ymodem.o(i.Ymodem_Receive) refers to common.o(i.Str2Int) for Str2Int
    ymodem.o(i.Ymodem_Receive) refers to common.o(i.FLASH_PagesMask) for FLASH_PagesMask
    ymodem.o(i.Ymodem_Receive) refers to stm32f1xx_hal_flash_ex.o(i.HAL_FLASHEx_Erase) for HAL_FLASHEx_Erase
    ymodem.o(i.Ymodem_Receive) refers to memcpya.o(.text) for __aeabi_memcpy
    ymodem.o(i.Ymodem_Receive) refers to stm32f1xx_hal_flash.o(i.HAL_FLASH_Program) for HAL_FLASH_Program
    ymodem.o(i.Ymodem_Receive) refers to ymodem.o(.data) for FlashDestination
    ymodem.o(i.Ymodem_Receive) refers to ymodem.o(.bss) for file_name
    common.o(i.SerialPutChar) refers to stm32f1xx_hal_uart.o(i.HAL_UART_Transmit) for HAL_UART_Transmit
    common.o(i.SerialPutChar) refers to usart.o(.bss) for huart1
    common.o(i.Serial_PutString) refers to common.o(i.SerialPutChar) for SerialPutChar
    entry.o(.ARM.Collect$$$$00000000) refers (Special) to entry10a.o(.ARM.Collect$$$$0000000D) for __rt_final_cpp
    entry.o(.ARM.Collect$$$$00000000) refers (Special) to entry11a.o(.ARM.Collect$$$$0000000F) for __rt_final_exit
    entry.o(.ARM.Collect$$$$00000000) refers (Special) to entry7b.o(.ARM.Collect$$$$00000008) for _main_clock
    entry.o(.ARM.Collect$$$$00000000) refers (Special) to entry8b.o(.ARM.Collect$$$$0000000A) for _main_cpp_init
    entry.o(.ARM.Collect$$$$00000000) refers (Special) to entry9a.o(.ARM.Collect$$$$0000000B) for _main_init
    entry.o(.ARM.Collect$$$$00000000) refers (Special) to entry5.o(.ARM.Collect$$$$00000004) for _main_scatterload
    entry.o(.ARM.Collect$$$$00000000) refers (Special) to entry2.o(.ARM.Collect$$$$00000001) for _main_stk
    printfa.o(i.__0fprintf) refers (Special) to iusefp.o(.text) for __I$use$fp
    printfa.o(i.__0fprintf) refers to printfa.o(i._printf_core) for _printf_core
    printfa.o(i.__0fprintf) refers to fputc.o(i.fputc) for fputc
    printfa.o(i.__0printf) refers (Special) to iusefp.o(.text) for __I$use$fp
    printfa.o(i.__0printf) refers to printfa.o(i._printf_core) for _printf_core
    printfa.o(i.__0printf) refers to fputc.o(i.fputc) for fputc
    printfa.o(i.__0printf) refers to stdout.o(.data) for __stdout
    printfa.o(i.__0snprintf) refers (Special) to iusefp.o(.text) for __I$use$fp
    printfa.o(i.__0snprintf) refers to printfa.o(i._printf_core) for _printf_core
    printfa.o(i.__0snprintf) refers to printfa.o(i._snputc) for _snputc
    printfa.o(i.__0sprintf) refers (Special) to iusefp.o(.text) for __I$use$fp
    printfa.o(i.__0sprintf) refers to printfa.o(i._printf_core) for _printf_core
    printfa.o(i.__0sprintf) refers to printfa.o(i._sputc) for _sputc
    printfa.o(i.__0vfprintf) refers (Special) to iusefp.o(.text) for __I$use$fp
    printfa.o(i.__0vfprintf) refers to printfa.o(i._printf_core) for _printf_core
    printfa.o(i.__0vfprintf) refers to fputc.o(i.fputc) for fputc
    printfa.o(i.__0vprintf) refers (Special) to iusefp.o(.text) for __I$use$fp
    printfa.o(i.__0vprintf) refers to printfa.o(i._printf_core) for _printf_core
    printfa.o(i.__0vprintf) refers to fputc.o(i.fputc) for fputc
    printfa.o(i.__0vprintf) refers to stdout.o(.data) for __stdout
    printfa.o(i.__0vsnprintf) refers (Special) to iusefp.o(.text) for __I$use$fp
    printfa.o(i.__0vsnprintf) refers to printfa.o(i._printf_core) for _printf_core
    printfa.o(i.__0vsnprintf) refers to printfa.o(i._snputc) for _snputc
    printfa.o(i.__0vsprintf) refers (Special) to iusefp.o(.text) for __I$use$fp
    printfa.o(i.__0vsprintf) refers to printfa.o(i._printf_core) for _printf_core
    printfa.o(i.__0vsprintf) refers to printfa.o(i._sputc) for _sputc
    printfa.o(i._fp_digits) refers (Special) to iusefp.o(.text) for __I$use$fp
    printfa.o(i._fp_digits) refers to dmul.o(.text) for __aeabi_dmul
    printfa.o(i._fp_digits) refers to ddiv.o(.text) for __aeabi_ddiv
    printfa.o(i._fp_digits) refers to cdrcmple.o(.text) for __aeabi_cdrcmple
    printfa.o(i._fp_digits) refers to dadd.o(.text) for __aeabi_dadd
    printfa.o(i._fp_digits) refers to dfixul.o(.text) for __aeabi_d2ulz
    printfa.o(i._fp_digits) refers to uldiv.o(.text) for __aeabi_uldivmod
    printfa.o(i._printf_core) refers (Special) to iusefp.o(.text) for __I$use$fp
    printfa.o(i._printf_core) refers to printfa.o(i._printf_pre_padding) for _printf_pre_padding
    printfa.o(i._printf_core) refers to uldiv.o(.text) for __aeabi_uldivmod
    printfa.o(i._printf_core) refers to printfa.o(i._printf_post_padding) for _printf_post_padding
    printfa.o(i._printf_core) refers to printfa.o(i._fp_digits) for _fp_digits
    printfa.o(i._printf_core) refers to uidiv.o(.text) for __aeabi_uidivmod
    printfa.o(i._printf_post_padding) refers (Special) to iusefp.o(.text) for __I$use$fp
    printfa.o(i._printf_pre_padding) refers (Special) to iusefp.o(.text) for __I$use$fp
    printfa.o(i._snputc) refers (Special) to iusefp.o(.text) for __I$use$fp
    printfa.o(i._sputc) refers (Special) to iusefp.o(.text) for __I$use$fp
    entry2.o(.ARM.Collect$$$$00000001) refers to entry2.o(.ARM.Collect$$$$00002712) for __lit__00000000
    entry2.o(.ARM.Collect$$$$00002712) refers to startup_stm32f103xb.o(STACK) for __initial_sp
    entry2.o(__vectab_stack_and_reset_area) refers to startup_stm32f103xb.o(STACK) for __initial_sp
    entry2.o(__vectab_stack_and_reset_area) refers to entry.o(.ARM.Collect$$$$00000000) for __main
    entry5.o(.ARM.Collect$$$$00000004) refers to init.o(.text) for __scatterload
    entry9a.o(.ARM.Collect$$$$0000000B) refers to main.o(i.main) for main
    entry9b.o(.ARM.Collect$$$$0000000C) refers to main.o(i.main) for main
    fputc.o(i.fputc) refers (Special) to iusesemip.o(.text) for __I$use$semihosting$fputc
    fputc.o(i.fputc) refers (Special) to semi.o(.text) for __semihosting_library_function
    uldiv.o(.text) refers to llushr.o(.text) for __aeabi_llsr
    uldiv.o(.text) refers to llshl.o(.text) for __aeabi_llsl
    dadd.o(.text) refers to llshl.o(.text) for __aeabi_llsl
    dadd.o(.text) refers to llsshr.o(.text) for __aeabi_lasr
    dadd.o(.text) refers to depilogue.o(.text) for _double_epilogue
    dmul.o(.text) refers to depilogue.o(.text) for _double_epilogue
    ddiv.o(.text) refers to depilogue.o(.text) for _double_round
    dfixul.o(.text) refers to llushr.o(.text) for __aeabi_llsr
    dfixul.o(.text) refers to llshl.o(.text) for __aeabi_llsl
    init.o(.text) refers to entry5.o(.ARM.Collect$$$$00000004) for __main_after_scatterload
    depilogue.o(.text) refers to llshl.o(.text) for __aeabi_llsl
    depilogue.o(.text) refers to llushr.o(.text) for __aeabi_llsr


==============================================================================

Removing Unused input sections from the image.

    Removing startup_stm32f103xb.o(HEAP), (512 bytes).
    Removing system_stm32f1xx.o(.rev16_text), (4 bytes).
    Removing system_stm32f1xx.o(.revsh_text), (4 bytes).
    Removing system_stm32f1xx.o(.rrx_text), (6 bytes).
    Removing system_stm32f1xx.o(i.SystemCoreClockUpdate), (164 bytes).
    Removing stm32f1xx_it.o(.rev16_text), (4 bytes).
    Removing stm32f1xx_it.o(.revsh_text), (4 bytes).
    Removing stm32f1xx_it.o(.rrx_text), (6 bytes).
    Removing stm32f1xx_hal_msp.o(.rev16_text), (4 bytes).
    Removing stm32f1xx_hal_msp.o(.revsh_text), (4 bytes).
    Removing stm32f1xx_hal_msp.o(.rrx_text), (6 bytes).
    Removing main.o(.rev16_text), (4 bytes).
    Removing main.o(.revsh_text), (4 bytes).
    Removing main.o(.rrx_text), (6 bytes).
    Removing gpio.o(.rev16_text), (4 bytes).
    Removing gpio.o(.revsh_text), (4 bytes).
    Removing gpio.o(.rrx_text), (6 bytes).
    Removing usart.o(.rev16_text), (4 bytes).
    Removing usart.o(.revsh_text), (4 bytes).
    Removing usart.o(.rrx_text), (6 bytes).
    Removing usart.o(i.HAL_UART_MspDeInit), (84 bytes).
    Removing iwdg.o(.rev16_text), (4 bytes).
    Removing iwdg.o(.revsh_text), (4 bytes).
    Removing iwdg.o(.rrx_text), (6 bytes).
    Removing iwdg.o(i.MX_IWDG_Init), (40 bytes).
    Removing iwdg.o(.bss), (16 bytes).
    Removing bl_command.o(.rev16_text), (4 bytes).
    Removing bl_command.o(.revsh_text), (4 bytes).
    Removing bl_command.o(.rrx_text), (6 bytes).
    Removing bl_command.o(i.commmandSelectedDisplay), (180 bytes).
    Removing bl_command.o(.bss), (1030 bytes).
    Removing stm32f1xx_hal_tim.o(.rev16_text), (4 bytes).
    Removing stm32f1xx_hal_tim.o(.revsh_text), (4 bytes).
    Removing stm32f1xx_hal_tim.o(.rrx_text), (6 bytes).
    Removing stm32f1xx_hal_gpio.o(.rev16_text), (4 bytes).
    Removing stm32f1xx_hal_gpio.o(.revsh_text), (4 bytes).
    Removing stm32f1xx_hal_gpio.o(.rrx_text), (6 bytes).
    Removing stm32f1xx_hal_gpio.o(i.HAL_GPIO_DeInit), (312 bytes).
    Removing stm32f1xx_hal_gpio.o(i.HAL_GPIO_EXTI_Callback), (2 bytes).
    Removing stm32f1xx_hal_gpio.o(i.HAL_GPIO_EXTI_IRQHandler), (28 bytes).
    Removing stm32f1xx_hal_gpio.o(i.HAL_GPIO_LockPin), (46 bytes).
    Removing stm32f1xx_hal_gpio.o(i.HAL_GPIO_ReadPin), (16 bytes).
    Removing stm32f1xx_hal_gpio.o(i.HAL_GPIO_TogglePin), (8 bytes).
    Removing stm32f1xx_hal_gpio.o(i.HAL_GPIO_WritePin), (12 bytes).
    Removing stm32f1xx_hal_pwr.o(.rev16_text), (4 bytes).
    Removing stm32f1xx_hal_pwr.o(.revsh_text), (4 bytes).
    Removing stm32f1xx_hal_pwr.o(.rrx_text), (6 bytes).
    Removing stm32f1xx_hal_pwr.o(i.HAL_PWR_ConfigPVD), (180 bytes).
    Removing stm32f1xx_hal_pwr.o(i.HAL_PWR_DeInit), (28 bytes).
    Removing stm32f1xx_hal_pwr.o(i.HAL_PWR_DisableBkUpAccess), (28 bytes).
    Removing stm32f1xx_hal_pwr.o(i.HAL_PWR_DisablePVD), (24 bytes).
    Removing stm32f1xx_hal_pwr.o(i.HAL_PWR_DisableSEVOnPend), (20 bytes).
    Removing stm32f1xx_hal_pwr.o(i.HAL_PWR_DisableSleepOnExit), (20 bytes).
    Removing stm32f1xx_hal_pwr.o(i.HAL_PWR_DisableWakeUpPin), (28 bytes).
    Removing stm32f1xx_hal_pwr.o(i.HAL_PWR_EnableBkUpAccess), (24 bytes).
    Removing stm32f1xx_hal_pwr.o(i.HAL_PWR_EnablePVD), (24 bytes).
    Removing stm32f1xx_hal_pwr.o(i.HAL_PWR_EnableSEVOnPend), (20 bytes).
    Removing stm32f1xx_hal_pwr.o(i.HAL_PWR_EnableSleepOnExit), (20 bytes).
    Removing stm32f1xx_hal_pwr.o(i.HAL_PWR_EnableWakeUpPin), (28 bytes).
    Removing stm32f1xx_hal_pwr.o(i.HAL_PWR_EnterSLEEPMode), (32 bytes).
    Removing stm32f1xx_hal_pwr.o(i.HAL_PWR_EnterSTANDBYMode), (40 bytes).
    Removing stm32f1xx_hal_pwr.o(i.HAL_PWR_EnterSTOPMode), (84 bytes).
    Removing stm32f1xx_hal_pwr.o(i.HAL_PWR_PVDCallback), (2 bytes).
    Removing stm32f1xx_hal_pwr.o(i.HAL_PWR_PVD_IRQHandler), (32 bytes).
    Removing stm32f1xx_hal_pwr.o(i.PWR_OverloadWfe), (6 bytes).
    Removing stm32f1xx_hal_dma.o(.rev16_text), (4 bytes).
    Removing stm32f1xx_hal_dma.o(.revsh_text), (4 bytes).
    Removing stm32f1xx_hal_dma.o(.rrx_text), (6 bytes).
    Removing stm32f1xx_hal_dma.o(i.DMA_SetConfig), (32 bytes).
    Removing stm32f1xx_hal_dma.o(i.HAL_DMA_Abort), (98 bytes).
    Removing stm32f1xx_hal_dma.o(i.HAL_DMA_DeInit), (368 bytes).
    Removing stm32f1xx_hal_dma.o(i.HAL_DMA_GetError), (6 bytes).
    Removing stm32f1xx_hal_dma.o(i.HAL_DMA_GetState), (8 bytes).
    Removing stm32f1xx_hal_dma.o(i.HAL_DMA_IRQHandler), (784 bytes).
    Removing stm32f1xx_hal_dma.o(i.HAL_DMA_Init), (84 bytes).
    Removing stm32f1xx_hal_dma.o(i.HAL_DMA_PollForTransfer), (744 bytes).
    Removing stm32f1xx_hal_dma.o(i.HAL_DMA_Start), (82 bytes).
    Removing stm32f1xx_hal_dma.o(i.HAL_DMA_Start_IT), (118 bytes).
    Removing stm32f1xx_hal_uart.o(.rev16_text), (4 bytes).
    Removing stm32f1xx_hal_uart.o(.revsh_text), (4 bytes).
    Removing stm32f1xx_hal_uart.o(.rrx_text), (6 bytes).
    Removing stm32f1xx_hal_uart.o(i.HAL_HalfDuplex_EnableReceiver), (64 bytes).
    Removing stm32f1xx_hal_uart.o(i.HAL_HalfDuplex_EnableTransmitter), (66 bytes).
    Removing stm32f1xx_hal_uart.o(i.HAL_HalfDuplex_Init), (114 bytes).
    Removing stm32f1xx_hal_uart.o(i.HAL_LIN_Init), (130 bytes).
    Removing stm32f1xx_hal_uart.o(i.HAL_LIN_SendBreak), (62 bytes).
    Removing stm32f1xx_hal_uart.o(i.HAL_MultiProcessor_EnterMuteMode), (62 bytes).
    Removing stm32f1xx_hal_uart.o(i.HAL_MultiProcessor_ExitMuteMode), (62 bytes).
    Removing stm32f1xx_hal_uart.o(i.HAL_MultiProcessor_Init), (134 bytes).
    Removing stm32f1xx_hal_uart.o(i.HAL_UART_DMAPause), (118 bytes).
    Removing stm32f1xx_hal_uart.o(i.HAL_UART_DMAResume), (156 bytes).
    Removing stm32f1xx_hal_uart.o(i.HAL_UART_DMAStop), (46 bytes).
    Removing stm32f1xx_hal_uart.o(i.HAL_UART_DeInit), (68 bytes).
    Removing stm32f1xx_hal_uart.o(i.HAL_UART_ErrorCallback), (2 bytes).
    Removing stm32f1xx_hal_uart.o(i.HAL_UART_GetError), (6 bytes).
    Removing stm32f1xx_hal_uart.o(i.HAL_UART_GetState), (8 bytes).
    Removing stm32f1xx_hal_uart.o(i.HAL_UART_IRQHandler), (218 bytes).
    Removing stm32f1xx_hal_uart.o(i.HAL_UART_MspDeInit), (2 bytes).
    Removing stm32f1xx_hal_uart.o(i.HAL_UART_MspInit), (2 bytes).
    Removing stm32f1xx_hal_uart.o(i.HAL_UART_Receive_DMA), (160 bytes).
    Removing stm32f1xx_hal_uart.o(i.HAL_UART_Receive_IT), (134 bytes).
    Removing stm32f1xx_hal_uart.o(i.HAL_UART_RxCpltCallback), (2 bytes).
    Removing stm32f1xx_hal_uart.o(i.HAL_UART_RxHalfCpltCallback), (2 bytes).
    Removing stm32f1xx_hal_uart.o(i.HAL_UART_Transmit_DMA), (168 bytes).
    Removing stm32f1xx_hal_uart.o(i.HAL_UART_Transmit_IT), (110 bytes).
    Removing stm32f1xx_hal_uart.o(i.HAL_UART_TxCpltCallback), (2 bytes).
    Removing stm32f1xx_hal_uart.o(i.HAL_UART_TxHalfCpltCallback), (2 bytes).
    Removing stm32f1xx_hal_uart.o(i.UART_DMAError), (34 bytes).
    Removing stm32f1xx_hal_uart.o(i.UART_DMAReceiveCplt), (62 bytes).
    Removing stm32f1xx_hal_uart.o(i.UART_DMARxHalfCplt), (14 bytes).
    Removing stm32f1xx_hal_uart.o(i.UART_DMATransmitCplt), (54 bytes).
    Removing stm32f1xx_hal_uart.o(i.UART_DMATxHalfCplt), (14 bytes).
    Removing stm32f1xx_hal_uart.o(i.UART_EndTransmit_IT), (48 bytes).
    Removing stm32f1xx_hal_uart.o(i.UART_Receive_IT), (188 bytes).
    Removing stm32f1xx_hal_uart.o(i.UART_Transmit_IT), (112 bytes).
    Removing stm32f1xx_hal.o(.rev16_text), (4 bytes).
    Removing stm32f1xx_hal.o(.revsh_text), (4 bytes).
    Removing stm32f1xx_hal.o(.rrx_text), (6 bytes).
    Removing stm32f1xx_hal.o(i.HAL_DBGMCU_DisableDBGSleepMode), (20 bytes).
    Removing stm32f1xx_hal.o(i.HAL_DBGMCU_DisableDBGStandbyMode), (20 bytes).
    Removing stm32f1xx_hal.o(i.HAL_DBGMCU_DisableDBGStopMode), (20 bytes).
    Removing stm32f1xx_hal.o(i.HAL_DBGMCU_EnableDBGSleepMode), (20 bytes).
    Removing stm32f1xx_hal.o(i.HAL_DBGMCU_EnableDBGStandbyMode), (20 bytes).
    Removing stm32f1xx_hal.o(i.HAL_DBGMCU_EnableDBGStopMode), (20 bytes).
    Removing stm32f1xx_hal.o(i.HAL_DeInit), (36 bytes).
    Removing stm32f1xx_hal.o(i.HAL_GetDEVID), (16 bytes).
    Removing stm32f1xx_hal.o(i.HAL_GetHalVersion), (8 bytes).
    Removing stm32f1xx_hal.o(i.HAL_GetREVID), (28 bytes).
    Removing stm32f1xx_hal.o(i.HAL_MspDeInit), (2 bytes).
    Removing stm32f1xx_hal.o(i.HAL_MspInit), (2 bytes).
    Removing stm32f1xx_hal.o(i.HAL_ResumeTick), (18 bytes).
    Removing stm32f1xx_hal.o(i.HAL_SuspendTick), (18 bytes).
    Removing stm32f1xx_hal_flash_ex.o(.rev16_text), (4 bytes).
    Removing stm32f1xx_hal_flash_ex.o(.revsh_text), (4 bytes).
    Removing stm32f1xx_hal_flash_ex.o(.rrx_text), (6 bytes).
    Removing stm32f1xx_hal_flash_ex.o(i.FLASH_OB_DisableWRP), (232 bytes).
    Removing stm32f1xx_hal_flash_ex.o(i.FLASH_OB_EnableWRP), (236 bytes).
    Removing stm32f1xx_hal_flash_ex.o(i.FLASH_OB_GetRDP), (28 bytes).
    Removing stm32f1xx_hal_flash_ex.o(i.FLASH_OB_GetUser), (28 bytes).
    Removing stm32f1xx_hal_flash_ex.o(i.FLASH_OB_GetWRP), (12 bytes).
    Removing stm32f1xx_hal_flash_ex.o(i.FLASH_OB_ProgramData), (76 bytes).
    Removing stm32f1xx_hal_flash_ex.o(i.FLASH_OB_RDP_LevelConfig), (124 bytes).
    Removing stm32f1xx_hal_flash_ex.o(i.FLASH_OB_UserConfig), (84 bytes).
    Removing stm32f1xx_hal_flash_ex.o(i.HAL_FLASHEx_Erase_IT), (100 bytes).
    Removing stm32f1xx_hal_flash_ex.o(i.HAL_FLASHEx_OBErase), (96 bytes).
    Removing stm32f1xx_hal_flash_ex.o(i.HAL_FLASHEx_OBGetConfig), (28 bytes).
    Removing stm32f1xx_hal_flash_ex.o(i.HAL_FLASHEx_OBGetUserData), (72 bytes).
    Removing stm32f1xx_hal_flash_ex.o(i.HAL_FLASHEx_OBProgram), (200 bytes).
    Removing stm32f1xx_hal_gpio_ex.o(.rev16_text), (4 bytes).
    Removing stm32f1xx_hal_gpio_ex.o(.revsh_text), (4 bytes).
    Removing stm32f1xx_hal_gpio_ex.o(.rrx_text), (6 bytes).
    Removing stm32f1xx_hal_gpio_ex.o(i.HAL_GPIOEx_ConfigEventout), (24 bytes).
    Removing stm32f1xx_hal_gpio_ex.o(i.HAL_GPIOEx_DisableEventout), (20 bytes).
    Removing stm32f1xx_hal_gpio_ex.o(i.HAL_GPIOEx_EnableEventout), (20 bytes).
    Removing stm32f1xx_hal_rcc_ex.o(.rev16_text), (4 bytes).
    Removing stm32f1xx_hal_rcc_ex.o(.revsh_text), (4 bytes).
    Removing stm32f1xx_hal_rcc_ex.o(.rrx_text), (6 bytes).
    Removing stm32f1xx_hal_rcc_ex.o(i.HAL_RCCEx_GetPeriphCLKConfig), (60 bytes).
    Removing stm32f1xx_hal_rcc_ex.o(i.HAL_RCCEx_GetPeriphCLKFreq), (328 bytes).
    Removing stm32f1xx_hal_rcc_ex.o(i.HAL_RCCEx_PeriphCLKConfig), (380 bytes).
    Removing stm32f1xx_hal_rcc.o(.rev16_text), (4 bytes).
    Removing stm32f1xx_hal_rcc.o(.revsh_text), (4 bytes).
    Removing stm32f1xx_hal_rcc.o(.rrx_text), (6 bytes).
    Removing stm32f1xx_hal_rcc.o(i.HAL_RCC_CSSCallback), (2 bytes).
    Removing stm32f1xx_hal_rcc.o(i.HAL_RCC_DeInit), (96 bytes).
    Removing stm32f1xx_hal_rcc.o(i.HAL_RCC_DisableCSS), (28 bytes).
    Removing stm32f1xx_hal_rcc.o(i.HAL_RCC_EnableCSS), (24 bytes).
    Removing stm32f1xx_hal_rcc.o(i.HAL_RCC_GetClockConfig), (68 bytes).
    Removing stm32f1xx_hal_rcc.o(i.HAL_RCC_GetOscConfig), (212 bytes).
    Removing stm32f1xx_hal_rcc.o(i.HAL_RCC_MCOConfig), (100 bytes).
    Removing stm32f1xx_hal_rcc.o(i.HAL_RCC_NMI_IRQHandler), (32 bytes).
    Removing stm32f1xx_hal_cortex.o(.rev16_text), (4 bytes).
    Removing stm32f1xx_hal_cortex.o(.revsh_text), (4 bytes).
    Removing stm32f1xx_hal_cortex.o(.rrx_text), (6 bytes).
    Removing stm32f1xx_hal_cortex.o(i.HAL_NVIC_ClearPendingIRQ), (28 bytes).
    Removing stm32f1xx_hal_cortex.o(i.HAL_NVIC_DisableIRQ), (28 bytes).
    Removing stm32f1xx_hal_cortex.o(i.HAL_NVIC_EnableIRQ), (26 bytes).
    Removing stm32f1xx_hal_cortex.o(i.HAL_NVIC_GetActive), (40 bytes).
    Removing stm32f1xx_hal_cortex.o(i.HAL_NVIC_GetPendingIRQ), (40 bytes).
    Removing stm32f1xx_hal_cortex.o(i.HAL_NVIC_GetPriority), (148 bytes).
    Removing stm32f1xx_hal_cortex.o(i.HAL_NVIC_GetPriorityGrouping), (8 bytes).
    Removing stm32f1xx_hal_cortex.o(i.HAL_NVIC_SetPendingIRQ), (28 bytes).
    Removing stm32f1xx_hal_tim_ex.o(.rev16_text), (4 bytes).
    Removing stm32f1xx_hal_tim_ex.o(.revsh_text), (4 bytes).
    Removing stm32f1xx_hal_tim_ex.o(.rrx_text), (6 bytes).
    Removing stm32f1xx_hal_flash.o(.rev16_text), (4 bytes).
    Removing stm32f1xx_hal_flash.o(.revsh_text), (4 bytes).
    Removing stm32f1xx_hal_flash.o(.rrx_text), (6 bytes).
    Removing stm32f1xx_hal_flash.o(i.HAL_FLASH_EndOfOperationCallback), (2 bytes).
    Removing stm32f1xx_hal_flash.o(i.HAL_FLASH_GetError), (12 bytes).
    Removing stm32f1xx_hal_flash.o(i.HAL_FLASH_IRQHandler), (384 bytes).
    Removing stm32f1xx_hal_flash.o(i.HAL_FLASH_Lock), (20 bytes).
    Removing stm32f1xx_hal_flash.o(i.HAL_FLASH_OB_Launch), (10 bytes).
    Removing stm32f1xx_hal_flash.o(i.HAL_FLASH_OB_Lock), (20 bytes).
    Removing stm32f1xx_hal_flash.o(i.HAL_FLASH_OB_Unlock), (44 bytes).
    Removing stm32f1xx_hal_flash.o(i.HAL_FLASH_OperationErrorCallback), (2 bytes).
    Removing stm32f1xx_hal_flash.o(i.HAL_FLASH_Program_IT), (124 bytes).
    Removing stm32f1xx_hal_iwdg.o(.rev16_text), (4 bytes).
    Removing stm32f1xx_hal_iwdg.o(.revsh_text), (4 bytes).
    Removing stm32f1xx_hal_iwdg.o(.rrx_text), (6 bytes).
    Removing stm32f1xx_hal_iwdg.o(i.HAL_IWDG_GetState), (6 bytes).
    Removing stm32f1xx_hal_iwdg.o(i.HAL_IWDG_Init), (100 bytes).
    Removing stm32f1xx_hal_iwdg.o(i.HAL_IWDG_MspInit), (2 bytes).
    Removing stm32f1xx_hal_iwdg.o(i.HAL_IWDG_Refresh), (100 bytes).
    Removing stm32f1xx_hal_iwdg.o(i.HAL_IWDG_Start), (56 bytes).
    Removing amc_lib.o(.rev16_text), (4 bytes).
    Removing amc_lib.o(.revsh_text), (4 bytes).
    Removing amc_lib.o(.rrx_text), (6 bytes).
    Removing amc_lib.o(i.array_printf), (140 bytes).
    Removing amc_lib.o(i.cmd_printf), (452 bytes).
    Removing amc_lib.o(i.err_printf), (34 bytes).
    Removing amc_lib.o(i.igetc), (20 bytes).
    Removing amc_lib.o(i.mEnterInput), (396 bytes).
    Removing amc_lib.o(i.mgets), (344 bytes).
    Removing amc_lib.o(i.rsp_printf), (348 bytes).
    Removing cqueue.o(.rev16_text), (4 bytes).
    Removing cqueue.o(.revsh_text), (4 bytes).
    Removing cqueue.o(.rrx_text), (6 bytes).
    Removing cqueue.o(i.cdc_fifo_clear), (32 bytes).
    Removing cqueue.o(i.cdc_fifo_pop), (188 bytes).
    Removing cqueue.o(i.cdc_fifo_pop2), (60 bytes).
    Removing cqueue.o(i.check_cdc_cqueue), (24 bytes).
    Removing cqueue.o(i.check_cqueue), (52 bytes).
    Removing cqueue.o(i.check_usb_cqueue), (24 bytes).
    Removing cqueue.o(i.rx_fifo_clear), (60 bytes).
    Removing cqueue.o(i.rx_fifo_pop), (104 bytes).
    Removing cqueue.o(i.usb_fifo_clear), (32 bytes).
    Removing cqueue.o(i.usb_fifo_pop), (68 bytes).
    Removing cqueue.o(i.write_cdc_queue), (140 bytes).
    Removing cqueue.o(i.write_queue), (84 bytes).
    Removing cqueue.o(i.write_usb_queue), (56 bytes).
    Removing cqueue.o(.bss), (28700 bytes).
    Removing crc16.o(.rev16_text), (4 bytes).
    Removing crc16.o(.revsh_text), (4 bytes).
    Removing crc16.o(.rrx_text), (6 bytes).
    Removing crc16.o(i.crc16_ccitt), (44 bytes).
    Removing crc16.o(.constdata), (512 bytes).
    Removing download.o(.rev16_text), (4 bytes).
    Removing download.o(.revsh_text), (4 bytes).
    Removing download.o(.rrx_text), (6 bytes).
    Removing ymodem.o(.rev16_text), (4 bytes).
    Removing ymodem.o(.revsh_text), (4 bytes).
    Removing ymodem.o(.rrx_text), (6 bytes).
    Removing common.o(.rev16_text), (4 bytes).
    Removing common.o(.revsh_text), (4 bytes).
    Removing common.o(.rrx_text), (6 bytes).
    Removing common.o(i.SerialPutChar), (20 bytes).
    Removing common.o(i.Serial_PutString), (22 bytes).
    Removing common.o(.data), (17 bytes).

249 unused section(s) (total 44391 bytes) removed from the image.

==============================================================================

Image Symbol Table

    Local Symbols

    Symbol Name                              Value     Ov Type        Size  Object(Section)

    ../Drivers/STM32F1xx_HAL_Driver/Src/stm32f1xx_hal.c 0x00000000   Number         0  stm32f1xx_hal.o ABSOLUTE
    ../Drivers/STM32F1xx_HAL_Driver/Src/stm32f1xx_hal_cortex.c 0x00000000   Number         0  stm32f1xx_hal_cortex.o ABSOLUTE
    ../Drivers/STM32F1xx_HAL_Driver/Src/stm32f1xx_hal_dma.c 0x00000000   Number         0  stm32f1xx_hal_dma.o ABSOLUTE
    ../Drivers/STM32F1xx_HAL_Driver/Src/stm32f1xx_hal_flash.c 0x00000000   Number         0  stm32f1xx_hal_flash.o ABSOLUTE
    ../Drivers/STM32F1xx_HAL_Driver/Src/stm32f1xx_hal_flash_ex.c 0x00000000   Number         0  stm32f1xx_hal_flash_ex.o ABSOLUTE
    ../Drivers/STM32F1xx_HAL_Driver/Src/stm32f1xx_hal_gpio.c 0x00000000   Number         0  stm32f1xx_hal_gpio.o ABSOLUTE
    ../Drivers/STM32F1xx_HAL_Driver/Src/stm32f1xx_hal_gpio_ex.c 0x00000000   Number         0  stm32f1xx_hal_gpio_ex.o ABSOLUTE
    ../Drivers/STM32F1xx_HAL_Driver/Src/stm32f1xx_hal_iwdg.c 0x00000000   Number         0  stm32f1xx_hal_iwdg.o ABSOLUTE
    ../Drivers/STM32F1xx_HAL_Driver/Src/stm32f1xx_hal_pwr.c 0x00000000   Number         0  stm32f1xx_hal_pwr.o ABSOLUTE
    ../Drivers/STM32F1xx_HAL_Driver/Src/stm32f1xx_hal_rcc.c 0x00000000   Number         0  stm32f1xx_hal_rcc.o ABSOLUTE
    ../Drivers/STM32F1xx_HAL_Driver/Src/stm32f1xx_hal_rcc_ex.c 0x00000000   Number         0  stm32f1xx_hal_rcc_ex.o ABSOLUTE
    ../Drivers/STM32F1xx_HAL_Driver/Src/stm32f1xx_hal_tim.c 0x00000000   Number         0  stm32f1xx_hal_tim.o ABSOLUTE
    ../Drivers/STM32F1xx_HAL_Driver/Src/stm32f1xx_hal_tim_ex.c 0x00000000   Number         0  stm32f1xx_hal_tim_ex.o ABSOLUTE
    ../Drivers/STM32F1xx_HAL_Driver/Src/stm32f1xx_hal_uart.c 0x00000000   Number         0  stm32f1xx_hal_uart.o ABSOLUTE
    ../Src/gpio.c                            0x00000000   Number         0  gpio.o ABSOLUTE
    ../Src/iwdg.c                            0x00000000   Number         0  iwdg.o ABSOLUTE
    ../Src/main.c                            0x00000000   Number         0  main.o ABSOLUTE
    ../Src/stm32f1xx_hal_msp.c               0x00000000   Number         0  stm32f1xx_hal_msp.o ABSOLUTE
    ../Src/stm32f1xx_it.c                    0x00000000   Number         0  stm32f1xx_it.o ABSOLUTE
    ../Src/system_stm32f1xx.c                0x00000000   Number         0  system_stm32f1xx.o ABSOLUTE
    ../Src/usart.c                           0x00000000   Number         0  usart.o ABSOLUTE
    ../clib/microlib/division.c              0x00000000   Number         0  uldiv.o ABSOLUTE
    ../clib/microlib/division.c              0x00000000   Number         0  uidiv.o ABSOLUTE
    ../clib/microlib/init/entry.s            0x00000000   Number         0  entry8b.o ABSOLUTE
    ../clib/microlib/init/entry.s            0x00000000   Number         0  entry8a.o ABSOLUTE
    ../clib/microlib/init/entry.s            0x00000000   Number         0  entry7b.o ABSOLUTE
    ../clib/microlib/init/entry.s            0x00000000   Number         0  entry11b.o ABSOLUTE
    ../clib/microlib/init/entry.s            0x00000000   Number         0  entry5.o ABSOLUTE
    ../clib/microlib/init/entry.s            0x00000000   Number         0  entry7a.o ABSOLUTE
    ../clib/microlib/init/entry.s            0x00000000   Number         0  entry2.o ABSOLUTE
    ../clib/microlib/init/entry.s            0x00000000   Number         0  entry11a.o ABSOLUTE
    ../clib/microlib/init/entry.s            0x00000000   Number         0  entry.o ABSOLUTE
    ../clib/microlib/init/entry.s            0x00000000   Number         0  entry10a.o ABSOLUTE
    ../clib/microlib/init/entry.s            0x00000000   Number         0  entry9b.o ABSOLUTE
    ../clib/microlib/init/entry.s            0x00000000   Number         0  entry9a.o ABSOLUTE
    ../clib/microlib/init/entry.s            0x00000000   Number         0  entry10b.o ABSOLUTE
    ../clib/microlib/longlong.c              0x00000000   Number         0  llshl.o ABSOLUTE
    ../clib/microlib/longlong.c              0x00000000   Number         0  llsshr.o ABSOLUTE
    ../clib/microlib/longlong.c              0x00000000   Number         0  llushr.o ABSOLUTE
    ../clib/microlib/printf/printf.c         0x00000000   Number         0  printfa.o ABSOLUTE
    ../clib/microlib/stdio/fputc.c           0x00000000   Number         0  fputc.o ABSOLUTE
    ../clib/microlib/stdio/semi.s            0x00000000   Number         0  semi.o ABSOLUTE
    ../clib/microlib/stdio/streams.c         0x00000000   Number         0  stdout.o ABSOLUTE
    ../clib/microlib/string/memcpy.c         0x00000000   Number         0  memcpyb.o ABSOLUTE
    ../clib/microlib/string/memcpy.c         0x00000000   Number         0  memcpya.o ABSOLUTE
    ../clib/microlib/string/memset.c         0x00000000   Number         0  memseta.o ABSOLUTE
    ../clib/microlib/string/strlen.c         0x00000000   Number         0  strlen.o ABSOLUTE
    ../clib/microlib/stubs.s                 0x00000000   Number         0  iusesemip.o ABSOLUTE
    ../clib/microlib/stubs.s                 0x00000000   Number         0  iusefp.o ABSOLUTE
    ../fplib/microlib/fpadd.c                0x00000000   Number         0  dadd.o ABSOLUTE
    ../fplib/microlib/fpdiv.c                0x00000000   Number         0  ddiv.o ABSOLUTE
    ../fplib/microlib/fpepilogue.c           0x00000000   Number         0  depilogue.o ABSOLUTE
    ../fplib/microlib/fpfix.c                0x00000000   Number         0  dfixul.o ABSOLUTE
    ../fplib/microlib/fpmul.c                0x00000000   Number         0  dmul.o ABSOLUTE
    ..\Drivers\STM32F1xx_HAL_Driver\Src\stm32f1xx_hal.c 0x00000000   Number         0  stm32f1xx_hal.o ABSOLUTE
    ..\Drivers\STM32F1xx_HAL_Driver\Src\stm32f1xx_hal_cortex.c 0x00000000   Number         0  stm32f1xx_hal_cortex.o ABSOLUTE
    ..\Drivers\STM32F1xx_HAL_Driver\Src\stm32f1xx_hal_dma.c 0x00000000   Number         0  stm32f1xx_hal_dma.o ABSOLUTE
    ..\Drivers\STM32F1xx_HAL_Driver\Src\stm32f1xx_hal_flash.c 0x00000000   Number         0  stm32f1xx_hal_flash.o ABSOLUTE
    ..\Drivers\STM32F1xx_HAL_Driver\Src\stm32f1xx_hal_flash_ex.c 0x00000000   Number         0  stm32f1xx_hal_flash_ex.o ABSOLUTE
    ..\Drivers\STM32F1xx_HAL_Driver\Src\stm32f1xx_hal_gpio.c 0x00000000   Number         0  stm32f1xx_hal_gpio.o ABSOLUTE
    ..\Drivers\STM32F1xx_HAL_Driver\Src\stm32f1xx_hal_gpio_ex.c 0x00000000   Number         0  stm32f1xx_hal_gpio_ex.o ABSOLUTE
    ..\Drivers\STM32F1xx_HAL_Driver\Src\stm32f1xx_hal_iwdg.c 0x00000000   Number         0  stm32f1xx_hal_iwdg.o ABSOLUTE
    ..\Drivers\STM32F1xx_HAL_Driver\Src\stm32f1xx_hal_pwr.c 0x00000000   Number         0  stm32f1xx_hal_pwr.o ABSOLUTE
    ..\Drivers\STM32F1xx_HAL_Driver\Src\stm32f1xx_hal_rcc.c 0x00000000   Number         0  stm32f1xx_hal_rcc.o ABSOLUTE
    ..\Drivers\STM32F1xx_HAL_Driver\Src\stm32f1xx_hal_rcc_ex.c 0x00000000   Number         0  stm32f1xx_hal_rcc_ex.o ABSOLUTE
    ..\Drivers\STM32F1xx_HAL_Driver\Src\stm32f1xx_hal_tim.c 0x00000000   Number         0  stm32f1xx_hal_tim.o ABSOLUTE
    ..\Drivers\STM32F1xx_HAL_Driver\Src\stm32f1xx_hal_tim_ex.c 0x00000000   Number         0  stm32f1xx_hal_tim_ex.o ABSOLUTE
    ..\Drivers\STM32F1xx_HAL_Driver\Src\stm32f1xx_hal_uart.c 0x00000000   Number         0  stm32f1xx_hal_uart.o ABSOLUTE
    ..\Src\amc\amc_lib.c                     0x00000000   Number         0  amc_lib.o ABSOLUTE
    ..\Src\amc\common.c                      0x00000000   Number         0  common.o ABSOLUTE
    ..\Src\amc\cqueue.c                      0x00000000   Number         0  cqueue.o ABSOLUTE
    ..\Src\amc\crc16.c                       0x00000000   Number         0  crc16.o ABSOLUTE
    ..\Src\amc\download.c                    0x00000000   Number         0  download.o ABSOLUTE
    ..\Src\amc\ymodem.c                      0x00000000   Number         0  ymodem.o ABSOLUTE
    ..\Src\bl_command.c                      0x00000000   Number         0  bl_command.o ABSOLUTE
    ..\Src\gpio.c                            0x00000000   Number         0  gpio.o ABSOLUTE
    ..\Src\iwdg.c                            0x00000000   Number         0  iwdg.o ABSOLUTE
    ..\Src\main.c                            0x00000000   Number         0  main.o ABSOLUTE
    ..\Src\stm32f1xx_hal_msp.c               0x00000000   Number         0  stm32f1xx_hal_msp.o ABSOLUTE
    ..\Src\stm32f1xx_it.c                    0x00000000   Number         0  stm32f1xx_it.o ABSOLUTE
    ..\Src\system_stm32f1xx.c                0x00000000   Number         0  system_stm32f1xx.o ABSOLUTE
    ..\Src\usart.c                           0x00000000   Number         0  usart.o ABSOLUTE
    ..\\Src\\amc\\amc_lib.c                  0x00000000   Number         0  amc_lib.o ABSOLUTE
    ..\\Src\\amc\\common.c                   0x00000000   Number         0  common.o ABSOLUTE
    ..\\Src\\amc\\cqueue.c                   0x00000000   Number         0  cqueue.o ABSOLUTE
    ..\\Src\\amc\\crc16.c                    0x00000000   Number         0  crc16.o ABSOLUTE
    ..\\Src\\amc\\download.c                 0x00000000   Number         0  download.o ABSOLUTE
    ..\\Src\\amc\\ymodem.c                   0x00000000   Number         0  ymodem.o ABSOLUTE
    ..\\Src\\bl_command.c                    0x00000000   Number         0  bl_command.o ABSOLUTE
    cdrcmple.s                               0x00000000   Number         0  cdrcmple.o ABSOLUTE
    dc.s                                     0x00000000   Number         0  dc.o ABSOLUTE
    handlers.s                               0x00000000   Number         0  handlers.o ABSOLUTE
    init.s                                   0x00000000   Number         0  init.o ABSOLUTE
    startup_stm32f103xb.s                    0x00000000   Number         0  startup_stm32f103xb.o ABSOLUTE
    RESET                                    0x08004000   Section      236  startup_stm32f103xb.o(RESET)
    .ARM.Collect$$$$00000000                 0x080040ec   Section        0  entry.o(.ARM.Collect$$$$00000000)
    .ARM.Collect$$$$00000001                 0x080040ec   Section        4  entry2.o(.ARM.Collect$$$$00000001)
    .ARM.Collect$$$$00000004                 0x080040f0   Section        4  entry5.o(.ARM.Collect$$$$00000004)
    .ARM.Collect$$$$00000008                 0x080040f4   Section        0  entry7b.o(.ARM.Collect$$$$00000008)
    .ARM.Collect$$$$0000000A                 0x080040f4   Section        0  entry8b.o(.ARM.Collect$$$$0000000A)
    .ARM.Collect$$$$0000000B                 0x080040f4   Section        8  entry9a.o(.ARM.Collect$$$$0000000B)
    .ARM.Collect$$$$0000000D                 0x080040fc   Section        0  entry10a.o(.ARM.Collect$$$$0000000D)
    .ARM.Collect$$$$0000000F                 0x080040fc   Section        0  entry11a.o(.ARM.Collect$$$$0000000F)
    .ARM.Collect$$$$00002712                 0x080040fc   Section        4  entry2.o(.ARM.Collect$$$$00002712)
    __lit__00000000                          0x080040fc   Data           4  entry2.o(.ARM.Collect$$$$00002712)
    .text                                    0x08004100   Section       36  startup_stm32f103xb.o(.text)
    .text                                    0x08004124   Section        0  llushr.o(.text)
    .text                                    0x08004144   Section        0  memcpya.o(.text)
    .text                                    0x08004168   Section        0  uidiv.o(.text)
    .text                                    0x08004194   Section        0  uldiv.o(.text)
    .text                                    0x080041f6   Section        0  iusefp.o(.text)
    .text                                    0x080041f6   Section        0  dadd.o(.text)
    .text                                    0x08004344   Section        0  dmul.o(.text)
    .text                                    0x08004428   Section        0  ddiv.o(.text)
    .text                                    0x08004506   Section        0  dfixul.o(.text)
    .text                                    0x08004538   Section       48  cdrcmple.o(.text)
    .text                                    0x08004568   Section       36  init.o(.text)
    .text                                    0x0800458c   Section        0  llshl.o(.text)
    .text                                    0x080045aa   Section        0  llsshr.o(.text)
    .text                                    0x080045ce   Section        0  depilogue.o(.text)
    i.BusFault_Handler                       0x08004688   Section        0  stm32f1xx_it.o(i.BusFault_Handler)
    i.DebugMon_Handler                       0x0800468c   Section        0  stm32f1xx_it.o(i.DebugMon_Handler)
    i.Error_Handler                          0x0800468e   Section        0  main.o(i.Error_Handler)
    i.FLASH_MassErase                        0x08004694   Section        0  stm32f1xx_hal_flash_ex.o(i.FLASH_MassErase)
    FLASH_MassErase                          0x08004695   Thumb Code    30  stm32f1xx_hal_flash_ex.o(i.FLASH_MassErase)
    i.FLASH_PageErase                        0x080046bc   Section        0  stm32f1xx_hal_flash_ex.o(i.FLASH_PageErase)
    i.FLASH_PagesMask                        0x080046e4   Section        0  common.o(i.FLASH_PagesMask)
    i.FLASH_Program_HalfWord                 0x080046fc   Section        0  stm32f1xx_hal_flash.o(i.FLASH_Program_HalfWord)
    FLASH_Program_HalfWord                   0x080046fd   Thumb Code    22  stm32f1xx_hal_flash.o(i.FLASH_Program_HalfWord)
    i.FLASH_SetErrorCode                     0x0800471c   Section        0  stm32f1xx_hal_flash.o(i.FLASH_SetErrorCode)
    FLASH_SetErrorCode                       0x0800471d   Thumb Code    94  stm32f1xx_hal_flash.o(i.FLASH_SetErrorCode)
    i.FLASH_WaitForLastOperation             0x08004784   Section        0  stm32f1xx_hal_flash.o(i.FLASH_WaitForLastOperation)
    i.HAL_Delay                              0x080047f4   Section        0  stm32f1xx_hal.o(i.HAL_Delay)
    i.HAL_FLASHEx_Erase                      0x08004810   Section        0  stm32f1xx_hal_flash_ex.o(i.HAL_FLASHEx_Erase)
    i.HAL_FLASH_Program                      0x080048c0   Section        0  stm32f1xx_hal_flash.o(i.HAL_FLASH_Program)
    i.HAL_FLASH_Unlock                       0x08004970   Section        0  stm32f1xx_hal_flash.o(i.HAL_FLASH_Unlock)
    i.HAL_GPIO_Init                          0x0800499c   Section        0  stm32f1xx_hal_gpio.o(i.HAL_GPIO_Init)
    i.HAL_GetTick                            0x08004cb8   Section        0  stm32f1xx_hal.o(i.HAL_GetTick)
    i.HAL_IncTick                            0x08004cc4   Section        0  stm32f1xx_hal.o(i.HAL_IncTick)
    i.HAL_Init                               0x08004cd4   Section        0  stm32f1xx_hal.o(i.HAL_Init)
    i.HAL_InitTick                           0x08004cfc   Section        0  stm32f1xx_hal.o(i.HAL_InitTick)
    i.HAL_MspInit                            0x08004d20   Section        0  stm32f1xx_hal_msp.o(i.HAL_MspInit)
    i.HAL_NVIC_SetPriority                   0x08004dac   Section        0  stm32f1xx_hal_cortex.o(i.HAL_NVIC_SetPriority)
    i.HAL_NVIC_SetPriorityGrouping           0x08004e28   Section        0  stm32f1xx_hal_cortex.o(i.HAL_NVIC_SetPriorityGrouping)
    i.HAL_NVIC_SystemReset                   0x08004e50   Section        0  stm32f1xx_hal_cortex.o(i.HAL_NVIC_SystemReset)
    i.HAL_RCC_ClockConfig                    0x08004e94   Section        0  stm32f1xx_hal_rcc.o(i.HAL_RCC_ClockConfig)
    i.HAL_RCC_GetHCLKFreq                    0x0800512c   Section        0  stm32f1xx_hal_rcc.o(i.HAL_RCC_GetHCLKFreq)
    i.HAL_RCC_GetPCLK1Freq                   0x08005138   Section        0  stm32f1xx_hal_rcc.o(i.HAL_RCC_GetPCLK1Freq)
    i.HAL_RCC_GetPCLK2Freq                   0x08005164   Section        0  stm32f1xx_hal_rcc.o(i.HAL_RCC_GetPCLK2Freq)
    i.HAL_RCC_GetSysClockFreq                0x08005190   Section        0  stm32f1xx_hal_rcc.o(i.HAL_RCC_GetSysClockFreq)
    i.HAL_RCC_OscConfig                      0x08005244   Section        0  stm32f1xx_hal_rcc.o(i.HAL_RCC_OscConfig)
    i.HAL_SYSTICK_CLKSourceConfig            0x08005abc   Section        0  stm32f1xx_hal_cortex.o(i.HAL_SYSTICK_CLKSourceConfig)
    i.HAL_SYSTICK_Callback                   0x08005ae4   Section        0  stm32f1xx_hal_cortex.o(i.HAL_SYSTICK_Callback)
    i.HAL_SYSTICK_Config                     0x08005ae6   Section        0  stm32f1xx_hal_cortex.o(i.HAL_SYSTICK_Config)
    i.HAL_SYSTICK_IRQHandler                 0x08005b1a   Section        0  stm32f1xx_hal_cortex.o(i.HAL_SYSTICK_IRQHandler)
    i.HAL_UART_Init                          0x08005b22   Section        0  stm32f1xx_hal_uart.o(i.HAL_UART_Init)
    i.HAL_UART_MspInit                       0x08005b90   Section        0  usart.o(i.HAL_UART_MspInit)
    i.HAL_UART_Receive                       0x08005c44   Section        0  stm32f1xx_hal_uart.o(i.HAL_UART_Receive)
    i.HAL_UART_Transmit                      0x08005d3c   Section        0  stm32f1xx_hal_uart.o(i.HAL_UART_Transmit)
    i.HardFault_Handler                      0x08005e2c   Section        0  stm32f1xx_it.o(i.HardFault_Handler)
    i.Int2Str                                0x08005e30   Section        0  common.o(i.Int2Str)
    i.JumpToApplication                      0x08005e88   Section        0  bl_command.o(i.JumpToApplication)
    i.MX_GPIO_Init                           0x08005eb4   Section        0  gpio.o(i.MX_GPIO_Init)
    i.MX_USART1_UART_Init                    0x08005ef4   Section        0  usart.o(i.MX_USART1_UART_Init)
    i.MX_USART2_UART_Init                    0x08005f2c   Section        0  usart.o(i.MX_USART2_UART_Init)
    i.MemManage_Handler                      0x08005f64   Section        0  stm32f1xx_it.o(i.MemManage_Handler)
    i.NMI_Handler                            0x08005f68   Section        0  stm32f1xx_it.o(i.NMI_Handler)
    i.NVIC_GetPriorityGrouping               0x08005f6c   Section        0  stm32f1xx_hal_cortex.o(i.NVIC_GetPriorityGrouping)
    NVIC_GetPriorityGrouping                 0x08005f6d   Thumb Code    10  stm32f1xx_hal_cortex.o(i.NVIC_GetPriorityGrouping)
    i.NVIC_SetPriority                       0x08005f7c   Section        0  stm32f1xx_hal_cortex.o(i.NVIC_SetPriority)
    NVIC_SetPriority                         0x08005f7d   Thumb Code    32  stm32f1xx_hal_cortex.o(i.NVIC_SetPriority)
    i.PendSV_Handler                         0x08005fa4   Section        0  stm32f1xx_it.o(i.PendSV_Handler)
    i.Receive_Packet                         0x08005fa8   Section        0  ymodem.o(i.Receive_Packet)
    Receive_Packet                           0x08005fa9   Thumb Code   200  ymodem.o(i.Receive_Packet)
    i.SVC_Handler                            0x08006074   Section        0  stm32f1xx_it.o(i.SVC_Handler)
    i.Send_Byte                              0x08006078   Section        0  ymodem.o(i.Send_Byte)
    Send_Byte                                0x08006079   Thumb Code    18  ymodem.o(i.Send_Byte)
    i.SerialDownload                         0x08006090   Section        0  download.o(i.SerialDownload)
    i.Str2Int                                0x08006340   Section        0  common.o(i.Str2Int)
    i.SysTick_Handler                        0x08006444   Section        0  stm32f1xx_it.o(i.SysTick_Handler)
    i.SystemClock_Config                     0x08006450   Section        0  main.o(i.SystemClock_Config)
    i.SystemInit                             0x080064cc   Section        0  system_stm32f1xx.o(i.SystemInit)
    i.UART_SetConfig                         0x08006524   Section        0  stm32f1xx_hal_uart.o(i.UART_SetConfig)
    UART_SetConfig                           0x08006525   Thumb Code   450  stm32f1xx_hal_uart.o(i.UART_SetConfig)
    i.UART_WaitOnFlagUntilTimeout            0x080066ec   Section        0  stm32f1xx_hal_uart.o(i.UART_WaitOnFlagUntilTimeout)
    UART_WaitOnFlagUntilTimeout              0x080066ed   Thumb Code   250  stm32f1xx_hal_uart.o(i.UART_WaitOnFlagUntilTimeout)
    i.UsageFault_Handler                     0x080067e6   Section        0  stm32f1xx_it.o(i.UsageFault_Handler)
    i.Ymodem_Receive                         0x080067ec   Section        0  ymodem.o(i.Ymodem_Receive)
    i.__0vsprintf                            0x08006a44   Section        0  printfa.o(i.__0vsprintf)
    i.__scatterload_copy                     0x08006a68   Section       14  handlers.o(i.__scatterload_copy)
    i.__scatterload_null                     0x08006a76   Section        2  handlers.o(i.__scatterload_null)
    i.__scatterload_zeroinit                 0x08006a78   Section       14  handlers.o(i.__scatterload_zeroinit)
    i._fp_digits                             0x08006a88   Section        0  printfa.o(i._fp_digits)
    _fp_digits                               0x08006a89   Thumb Code   366  printfa.o(i._fp_digits)
    i._printf_core                           0x08006c0c   Section        0  printfa.o(i._printf_core)
    _printf_core                             0x08006c0d   Thumb Code  1744  printfa.o(i._printf_core)
    i._printf_post_padding                   0x080072e8   Section        0  printfa.o(i._printf_post_padding)
    _printf_post_padding                     0x080072e9   Thumb Code    36  printfa.o(i._printf_post_padding)
    i._printf_pre_padding                    0x0800730c   Section        0  printfa.o(i._printf_pre_padding)
    _printf_pre_padding                      0x0800730d   Thumb Code    46  printfa.o(i._printf_pre_padding)
    i._sputc                                 0x0800733a   Section        0  printfa.o(i._sputc)
    _sputc                                   0x0800733b   Thumb Code    10  printfa.o(i._sputc)
    i.commandAllDisplay                      0x08007344   Section        0  bl_command.o(i.commandAllDisplay)
    i.commandGet                             0x080073cc   Section        0  bl_command.o(i.commandGet)
    i.commandRun                             0x08007470   Section        0  bl_command.o(i.commandRun)
    i.doanloadAndRunApp                      0x0800747c   Section        0  bl_command.o(i.doanloadAndRunApp)
    doanloadAndRunApp                        0x0800747d   Thumb Code    46  bl_command.o(i.doanloadAndRunApp)
    i.downloadApp                            0x080074d0   Section        0  bl_command.o(i.downloadApp)
    downloadApp                              0x080074d1   Thumb Code    40  bl_command.o(i.downloadApp)
    i.iprintf                                0x08007514   Section        0  amc_lib.o(i.iprintf)
    i.main                                   0x0800755c   Section        0  main.o(i.main)
    i.reboot                                 0x080078b0   Section        0  bl_command.o(i.reboot)
    reboot                                   0x080078b1   Thumb Code    42  bl_command.o(i.reboot)
    i.runApp                                 0x080078ec   Section        0  bl_command.o(i.runApp)
    runApp                                   0x080078ed   Thumb Code   138  bl_command.o(i.runApp)
    .constdata                               0x08007a08   Section       24  system_stm32f1xx.o(.constdata)
    .conststring                             0x08007a20   Section      122  bl_command.o(.conststring)
    .conststring                             0x08007a9c   Section       83  download.o(.conststring)
    .data                                    0x20001000   Section        4  system_stm32f1xx.o(.data)
    .data                                    0x20001004   Section       32  bl_command.o(.data)
    CmdArray                                 0x20001004   Data          32  bl_command.o(.data)
    .data                                    0x20001024   Section        4  stm32f1xx_hal.o(.data)
    uwTick                                   0x20001024   Data           4  stm32f1xx_hal.o(.data)
    .data                                    0x20001028   Section       20  ymodem.o(.data)
    .bss                                     0x2000103c   Section      128  usart.o(.bss)
    .bss                                     0x200010c0   Section       32  stm32f1xx_hal_flash.o(.bss)
    .bss                                     0x200010e0   Section     1024  download.o(.bss)
    .bss                                     0x200014e0   Section      256  ymodem.o(.bss)
    STACK                                    0x200015e0   Section     1024  startup_stm32f103xb.o(STACK)

    Global Symbols

    Symbol Name                              Value     Ov Type        Size  Object(Section)

    BuildAttributes$$THM_ISAv4$P$D$K$B$S$PE$A:L22UL41UL21$X:L11$S22US41US21$IEEE1$IW$USESV6$~STKCKD$USESV7$~SHL$OSPACE$ROPI$EBA8$MICROLIB$REQ8$PRES8$EABIv2 0x00000000   Number         0  anon$$obj.o ABSOLUTE
    __ARM_use_no_argv                        0x00000000   Number         0  main.o ABSOLUTE
    __cpp_initialize__aeabi_                  - Undefined Weak Reference
    __cxa_finalize                            - Undefined Weak Reference
    __decompress                              - Undefined Weak Reference
    _clock_init                               - Undefined Weak Reference
    _microlib_exit                            - Undefined Weak Reference
    __Vectors_Size                           0x000000ec   Number         0  startup_stm32f103xb.o ABSOLUTE
    __Vectors                                0x08004000   Data           4  startup_stm32f103xb.o(RESET)
    __Vectors_End                            0x080040ec   Data           0  startup_stm32f103xb.o(RESET)
    __main                                   0x080040ed   Thumb Code     0  entry.o(.ARM.Collect$$$$00000000)
    _main_stk                                0x080040ed   Thumb Code     0  entry2.o(.ARM.Collect$$$$00000001)
    _main_scatterload                        0x080040f1   Thumb Code     0  entry5.o(.ARM.Collect$$$$00000004)
    __main_after_scatterload                 0x080040f5   Thumb Code     0  entry5.o(.ARM.Collect$$$$00000004)
    _main_clock                              0x080040f5   Thumb Code     0  entry7b.o(.ARM.Collect$$$$00000008)
    _main_cpp_init                           0x080040f5   Thumb Code     0  entry8b.o(.ARM.Collect$$$$0000000A)
    _main_init                               0x080040f5   Thumb Code     0  entry9a.o(.ARM.Collect$$$$0000000B)
    __rt_final_cpp                           0x080040fd   Thumb Code     0  entry10a.o(.ARM.Collect$$$$0000000D)
    __rt_final_exit                          0x080040fd   Thumb Code     0  entry11a.o(.ARM.Collect$$$$0000000F)
    Reset_Handler                            0x08004101   Thumb Code     8  startup_stm32f103xb.o(.text)
    ADC1_2_IRQHandler                        0x0800411b   Thumb Code     0  startup_stm32f103xb.o(.text)
    CAN1_RX1_IRQHandler                      0x0800411b   Thumb Code     0  startup_stm32f103xb.o(.text)
    CAN1_SCE_IRQHandler                      0x0800411b   Thumb Code     0  startup_stm32f103xb.o(.text)
    DMA1_Channel1_IRQHandler                 0x0800411b   Thumb Code     0  startup_stm32f103xb.o(.text)
    DMA1_Channel2_IRQHandler                 0x0800411b   Thumb Code     0  startup_stm32f103xb.o(.text)
    DMA1_Channel3_IRQHandler                 0x0800411b   Thumb Code     0  startup_stm32f103xb.o(.text)
    DMA1_Channel4_IRQHandler                 0x0800411b   Thumb Code     0  startup_stm32f103xb.o(.text)
    DMA1_Channel5_IRQHandler                 0x0800411b   Thumb Code     0  startup_stm32f103xb.o(.text)
    DMA1_Channel6_IRQHandler                 0x0800411b   Thumb Code     0  startup_stm32f103xb.o(.text)
    DMA1_Channel7_IRQHandler                 0x0800411b   Thumb Code     0  startup_stm32f103xb.o(.text)
    EXTI0_IRQHandler                         0x0800411b   Thumb Code     0  startup_stm32f103xb.o(.text)
    EXTI15_10_IRQHandler                     0x0800411b   Thumb Code     0  startup_stm32f103xb.o(.text)
    EXTI1_IRQHandler                         0x0800411b   Thumb Code     0  startup_stm32f103xb.o(.text)
    EXTI2_IRQHandler                         0x0800411b   Thumb Code     0  startup_stm32f103xb.o(.text)
    EXTI3_IRQHandler                         0x0800411b   Thumb Code     0  startup_stm32f103xb.o(.text)
    EXTI4_IRQHandler                         0x0800411b   Thumb Code     0  startup_stm32f103xb.o(.text)
    EXTI9_5_IRQHandler                       0x0800411b   Thumb Code     0  startup_stm32f103xb.o(.text)
    FLASH_IRQHandler                         0x0800411b   Thumb Code     0  startup_stm32f103xb.o(.text)
    I2C1_ER_IRQHandler                       0x0800411b   Thumb Code     0  startup_stm32f103xb.o(.text)
    I2C1_EV_IRQHandler                       0x0800411b   Thumb Code     0  startup_stm32f103xb.o(.text)
    I2C2_ER_IRQHandler                       0x0800411b   Thumb Code     0  startup_stm32f103xb.o(.text)
    I2C2_EV_IRQHandler                       0x0800411b   Thumb Code     0  startup_stm32f103xb.o(.text)
    PVD_IRQHandler                           0x0800411b   Thumb Code     0  startup_stm32f103xb.o(.text)
    RCC_IRQHandler                           0x0800411b   Thumb Code     0  startup_stm32f103xb.o(.text)
    RTC_Alarm_IRQHandler                     0x0800411b   Thumb Code     0  startup_stm32f103xb.o(.text)
    RTC_IRQHandler                           0x0800411b   Thumb Code     0  startup_stm32f103xb.o(.text)
    SPI1_IRQHandler                          0x0800411b   Thumb Code     0  startup_stm32f103xb.o(.text)
    SPI2_IRQHandler                          0x0800411b   Thumb Code     0  startup_stm32f103xb.o(.text)
    TAMPER_IRQHandler                        0x0800411b   Thumb Code     0  startup_stm32f103xb.o(.text)
    TIM1_BRK_IRQHandler                      0x0800411b   Thumb Code     0  startup_stm32f103xb.o(.text)
    TIM1_CC_IRQHandler                       0x0800411b   Thumb Code     0  startup_stm32f103xb.o(.text)
    TIM1_TRG_COM_IRQHandler                  0x0800411b   Thumb Code     0  startup_stm32f103xb.o(.text)
    TIM1_UP_IRQHandler                       0x0800411b   Thumb Code     0  startup_stm32f103xb.o(.text)
    TIM2_IRQHandler                          0x0800411b   Thumb Code     0  startup_stm32f103xb.o(.text)
    TIM3_IRQHandler                          0x0800411b   Thumb Code     0  startup_stm32f103xb.o(.text)
    TIM4_IRQHandler                          0x0800411b   Thumb Code     0  startup_stm32f103xb.o(.text)
    USART1_IRQHandler                        0x0800411b   Thumb Code     0  startup_stm32f103xb.o(.text)
    USART2_IRQHandler                        0x0800411b   Thumb Code     0  startup_stm32f103xb.o(.text)
    USART3_IRQHandler                        0x0800411b   Thumb Code     0  startup_stm32f103xb.o(.text)
    USBWakeUp_IRQHandler                     0x0800411b   Thumb Code     0  startup_stm32f103xb.o(.text)
    USB_HP_CAN1_TX_IRQHandler                0x0800411b   Thumb Code     0  startup_stm32f103xb.o(.text)
    USB_LP_CAN1_RX0_IRQHandler               0x0800411b   Thumb Code     0  startup_stm32f103xb.o(.text)
    WWDG_IRQHandler                          0x0800411b   Thumb Code     0  startup_stm32f103xb.o(.text)
    __aeabi_llsr                             0x08004125   Thumb Code    32  llushr.o(.text)
    _ll_ushift_r                             0x08004125   Thumb Code     0  llushr.o(.text)
    __aeabi_memcpy                           0x08004145   Thumb Code    36  memcpya.o(.text)
    __aeabi_memcpy4                          0x08004145   Thumb Code     0  memcpya.o(.text)
    __aeabi_memcpy8                          0x08004145   Thumb Code     0  memcpya.o(.text)
    __aeabi_uidiv                            0x08004169   Thumb Code     0  uidiv.o(.text)
    __aeabi_uidivmod                         0x08004169   Thumb Code    44  uidiv.o(.text)
    __aeabi_uldivmod                         0x08004195   Thumb Code    98  uldiv.o(.text)
    __I$use$fp                               0x080041f7   Thumb Code     0  iusefp.o(.text)
    __aeabi_dadd                             0x080041f7   Thumb Code   322  dadd.o(.text)
    __aeabi_dsub                             0x08004339   Thumb Code     6  dadd.o(.text)
    __aeabi_drsub                            0x0800433f   Thumb Code     6  dadd.o(.text)
    __aeabi_dmul                             0x08004345   Thumb Code   228  dmul.o(.text)
    __aeabi_ddiv                             0x08004429   Thumb Code   222  ddiv.o(.text)
    __aeabi_d2ulz                            0x08004507   Thumb Code    48  dfixul.o(.text)
    __aeabi_cdrcmple                         0x08004539   Thumb Code    48  cdrcmple.o(.text)
    __scatterload                            0x08004569   Thumb Code    28  init.o(.text)
    __scatterload_rt2                        0x08004569   Thumb Code     0  init.o(.text)
    __aeabi_llsl                             0x0800458d   Thumb Code    30  llshl.o(.text)
    _ll_shift_l                              0x0800458d   Thumb Code     0  llshl.o(.text)
    __aeabi_lasr                             0x080045ab   Thumb Code    36  llsshr.o(.text)
    _ll_sshift_r                             0x080045ab   Thumb Code     0  llsshr.o(.text)
    _double_round                            0x080045cf   Thumb Code    30  depilogue.o(.text)
    _double_epilogue                         0x080045ed   Thumb Code   156  depilogue.o(.text)
    BusFault_Handler                         0x08004689   Thumb Code     4  stm32f1xx_it.o(i.BusFault_Handler)
    DebugMon_Handler                         0x0800468d   Thumb Code     2  stm32f1xx_it.o(i.DebugMon_Handler)
    Error_Handler                            0x0800468f   Thumb Code     4  main.o(i.Error_Handler)
    FLASH_PageErase                          0x080046bd   Thumb Code    32  stm32f1xx_hal_flash_ex.o(i.FLASH_PageErase)
    FLASH_PagesMask                          0x080046e5   Thumb Code    24  common.o(i.FLASH_PagesMask)
    FLASH_WaitForLastOperation               0x08004785   Thumb Code   106  stm32f1xx_hal_flash.o(i.FLASH_WaitForLastOperation)
    HAL_Delay                                0x080047f5   Thumb Code    26  stm32f1xx_hal.o(i.HAL_Delay)
    HAL_FLASHEx_Erase                        0x08004811   Thumb Code   168  stm32f1xx_hal_flash_ex.o(i.HAL_FLASHEx_Erase)
    HAL_FLASH_Program                        0x080048c1   Thumb Code   168  stm32f1xx_hal_flash.o(i.HAL_FLASH_Program)
    HAL_FLASH_Unlock                         0x08004971   Thumb Code    30  stm32f1xx_hal_flash.o(i.HAL_FLASH_Unlock)
    HAL_GPIO_Init                            0x0800499d   Thumb Code   764  stm32f1xx_hal_gpio.o(i.HAL_GPIO_Init)
    HAL_GetTick                              0x08004cb9   Thumb Code     6  stm32f1xx_hal.o(i.HAL_GetTick)
    HAL_IncTick                              0x08004cc5   Thumb Code    12  stm32f1xx_hal.o(i.HAL_IncTick)
    HAL_Init                                 0x08004cd5   Thumb Code    34  stm32f1xx_hal.o(i.HAL_Init)
    HAL_InitTick                             0x08004cfd   Thumb Code    36  stm32f1xx_hal.o(i.HAL_InitTick)
    HAL_MspInit                              0x08004d21   Thumb Code   130  stm32f1xx_hal_msp.o(i.HAL_MspInit)
    HAL_NVIC_SetPriority                     0x08004dad   Thumb Code   124  stm32f1xx_hal_cortex.o(i.HAL_NVIC_SetPriority)
    HAL_NVIC_SetPriorityGrouping             0x08004e29   Thumb Code    32  stm32f1xx_hal_cortex.o(i.HAL_NVIC_SetPriorityGrouping)
    HAL_NVIC_SystemReset                     0x08004e51   Thumb Code    60  stm32f1xx_hal_cortex.o(i.HAL_NVIC_SystemReset)
    HAL_RCC_ClockConfig                      0x08004e95   Thumb Code   648  stm32f1xx_hal_rcc.o(i.HAL_RCC_ClockConfig)
    HAL_RCC_GetHCLKFreq                      0x0800512d   Thumb Code     6  stm32f1xx_hal_rcc.o(i.HAL_RCC_GetHCLKFreq)
    HAL_RCC_GetPCLK1Freq                     0x08005139   Thumb Code    36  stm32f1xx_hal_rcc.o(i.HAL_RCC_GetPCLK1Freq)
    HAL_RCC_GetPCLK2Freq                     0x08005165   Thumb Code    36  stm32f1xx_hal_rcc.o(i.HAL_RCC_GetPCLK2Freq)
    HAL_RCC_GetSysClockFreq                  0x08005191   Thumb Code   146  stm32f1xx_hal_rcc.o(i.HAL_RCC_GetSysClockFreq)
    HAL_RCC_OscConfig                        0x08005245   Thumb Code  2164  stm32f1xx_hal_rcc.o(i.HAL_RCC_OscConfig)
    HAL_SYSTICK_CLKSourceConfig              0x08005abd   Thumb Code    40  stm32f1xx_hal_cortex.o(i.HAL_SYSTICK_CLKSourceConfig)
    HAL_SYSTICK_Callback                     0x08005ae5   Thumb Code     2  stm32f1xx_hal_cortex.o(i.HAL_SYSTICK_Callback)
    HAL_SYSTICK_Config                       0x08005ae7   Thumb Code    52  stm32f1xx_hal_cortex.o(i.HAL_SYSTICK_Config)
    HAL_SYSTICK_IRQHandler                   0x08005b1b   Thumb Code     8  stm32f1xx_hal_cortex.o(i.HAL_SYSTICK_IRQHandler)
    HAL_UART_Init                            0x08005b23   Thumb Code   110  stm32f1xx_hal_uart.o(i.HAL_UART_Init)
    HAL_UART_MspInit                         0x08005b91   Thumb Code   162  usart.o(i.HAL_UART_MspInit)
    HAL_UART_Receive                         0x08005c45   Thumb Code   248  stm32f1xx_hal_uart.o(i.HAL_UART_Receive)
    HAL_UART_Transmit                        0x08005d3d   Thumb Code   240  stm32f1xx_hal_uart.o(i.HAL_UART_Transmit)
    HardFault_Handler                        0x08005e2d   Thumb Code     4  stm32f1xx_it.o(i.HardFault_Handler)
    Int2Str                                  0x08005e31   Thumb Code    84  common.o(i.Int2Str)
    JumpToApplication                        0x08005e89   Thumb Code    40  bl_command.o(i.JumpToApplication)
    MX_GPIO_Init                             0x08005eb5   Thumb Code    58  gpio.o(i.MX_GPIO_Init)
    MX_USART1_UART_Init                      0x08005ef5   Thumb Code    46  usart.o(i.MX_USART1_UART_Init)
    MX_USART2_UART_Init                      0x08005f2d   Thumb Code    46  usart.o(i.MX_USART2_UART_Init)
    MemManage_Handler                        0x08005f65   Thumb Code     4  stm32f1xx_it.o(i.MemManage_Handler)
    NMI_Handler                              0x08005f69   Thumb Code     2  stm32f1xx_it.o(i.NMI_Handler)
    PendSV_Handler                           0x08005fa5   Thumb Code     2  stm32f1xx_it.o(i.PendSV_Handler)
    SVC_Handler                              0x08006075   Thumb Code     2  stm32f1xx_it.o(i.SVC_Handler)
    SerialDownload                           0x08006091   Thumb Code   404  download.o(i.SerialDownload)
    Str2Int                                  0x08006341   Thumb Code   260  common.o(i.Str2Int)
    SysTick_Handler                          0x08006445   Thumb Code    12  stm32f1xx_it.o(i.SysTick_Handler)
    SystemClock_Config                       0x08006451   Thumb Code   124  main.o(i.SystemClock_Config)
    SystemInit                               0x080064cd   Thumb Code    70  system_stm32f1xx.o(i.SystemInit)
    UsageFault_Handler                       0x080067e7   Thumb Code     4  stm32f1xx_it.o(i.UsageFault_Handler)
    Ymodem_Receive                           0x080067ed   Thumb Code   578  ymodem.o(i.Ymodem_Receive)
    __0vsprintf                              0x08006a45   Thumb Code    30  printfa.o(i.__0vsprintf)
    __1vsprintf                              0x08006a45   Thumb Code     0  printfa.o(i.__0vsprintf)
    __2vsprintf                              0x08006a45   Thumb Code     0  printfa.o(i.__0vsprintf)
    __c89vsprintf                            0x08006a45   Thumb Code     0  printfa.o(i.__0vsprintf)
    vsprintf                                 0x08006a45   Thumb Code     0  printfa.o(i.__0vsprintf)
    __scatterload_copy                       0x08006a69   Thumb Code    14  handlers.o(i.__scatterload_copy)
    __scatterload_null                       0x08006a77   Thumb Code     2  handlers.o(i.__scatterload_null)
    __scatterload_zeroinit                   0x08006a79   Thumb Code    14  handlers.o(i.__scatterload_zeroinit)
    commandAllDisplay                        0x08007345   Thumb Code    98  bl_command.o(i.commandAllDisplay)
    commandGet                               0x080073cd   Thumb Code    70  bl_command.o(i.commandGet)
    commandRun                               0x08007471   Thumb Code    10  bl_command.o(i.commandRun)
    iprintf                                  0x08007515   Thumb Code    66  amc_lib.o(i.iprintf)
    main                                     0x0800755d   Thumb Code   606  main.o(i.main)
    AHBPrescTable                            0x08007a08   Data          16  system_stm32f1xx.o(.constdata)
    APBPrescTable                            0x08007a18   Data           8  system_stm32f1xx.o(.constdata)
    Region$$Table$$Base                      0x08007af0   Number         0  anon$$obj.o(Region$$Table)
    Region$$Table$$Limit                     0x08007b10   Number         0  anon$$obj.o(Region$$Table)
    SystemCoreClock                          0x20001000   Data           4  system_stm32f1xx.o(.data)
    FlashDestination                         0x20001028   Data           4  ymodem.o(.data)
    PageSize                                 0x2000102c   Data           2  ymodem.o(.data)
    EraseCounter                             0x20001030   Data           4  ymodem.o(.data)
    NbrOfPage                                0x20001034   Data           4  ymodem.o(.data)
    RamSource                                0x20001038   Data           4  ymodem.o(.data)
    huart1                                   0x2000103c   Data          64  usart.o(.bss)
    huart2                                   0x2000107c   Data          64  usart.o(.bss)
    pFlash                                   0x200010c0   Data          32  stm32f1xx_hal_flash.o(.bss)
    tab_1024                                 0x200010e0   Data        1024  download.o(.bss)
    file_name                                0x200014e0   Data         256  ymodem.o(.bss)
    __initial_sp                             0x200019e0   Data           0  startup_stm32f103xb.o(STACK)



==============================================================================

Memory Map of the image

  Image Entry point : 0x080040ed

  Load Region LR_IROM1 (Base: 0x08004000, Size: 0x00003b4c, Max: 0x00003fff, ABSOLUTE)

    Execution Region ER_IROM1 (Base: 0x08004000, Size: 0x00003b10, Max: 0x00003fff, ABSOLUTE)

    Base Addr    Size         Type   Attr      Idx    E Section Name        Object

    0x08004000   0x000000ec   Data   RO            3    RESET               startup_stm32f103xb.o
    0x080040ec   0x00000000   Code   RO         2044  * .ARM.Collect$$$$00000000  mc_w.l(entry.o)
    0x080040ec   0x00000004   Code   RO         2085    .ARM.Collect$$$$00000001  mc_w.l(entry2.o)
    0x080040f0   0x00000004   Code   RO         2088    .ARM.Collect$$$$00000004  mc_w.l(entry5.o)
    0x080040f4   0x00000000   Code   RO         2090    .ARM.Collect$$$$00000008  mc_w.l(entry7b.o)
    0x080040f4   0x00000000   Code   RO         2092    .ARM.Collect$$$$0000000A  mc_w.l(entry8b.o)
    0x080040f4   0x00000008   Code   RO         2093    .ARM.Collect$$$$0000000B  mc_w.l(entry9a.o)
    0x080040fc   0x00000000   Code   RO         2095    .ARM.Collect$$$$0000000D  mc_w.l(entry10a.o)
    0x080040fc   0x00000000   Code   RO         2097    .ARM.Collect$$$$0000000F  mc_w.l(entry11a.o)
    0x080040fc   0x00000004   Code   RO         2086    .ARM.Collect$$$$00002712  mc_w.l(entry2.o)
    0x08004100   0x00000024   Code   RO            4    .text               startup_stm32f103xb.o
    0x08004124   0x00000020   Code   RO         2047    .text               mc_w.l(llushr.o)
    0x08004144   0x00000024   Code   RO         2049    .text               mc_w.l(memcpya.o)
    0x08004168   0x0000002c   Code   RO         2102    .text               mc_w.l(uidiv.o)
    0x08004194   0x00000062   Code   RO         2104    .text               mc_w.l(uldiv.o)
    0x080041f6   0x00000000   Code   RO         2106    .text               mc_w.l(iusefp.o)
    0x080041f6   0x0000014e   Code   RO         2107    .text               mf_w.l(dadd.o)
    0x08004344   0x000000e4   Code   RO         2109    .text               mf_w.l(dmul.o)
    0x08004428   0x000000de   Code   RO         2111    .text               mf_w.l(ddiv.o)
    0x08004506   0x00000030   Code   RO         2113    .text               mf_w.l(dfixul.o)
    0x08004536   0x00000002   PAD
    0x08004538   0x00000030   Code   RO         2115    .text               mf_w.l(cdrcmple.o)
    0x08004568   0x00000024   Code   RO         2117    .text               mc_w.l(init.o)
    0x0800458c   0x0000001e   Code   RO         2120    .text               mc_w.l(llshl.o)
    0x080045aa   0x00000024   Code   RO         2122    .text               mc_w.l(llsshr.o)
    0x080045ce   0x000000ba   Code   RO         2125    .text               mf_w.l(depilogue.o)
    0x08004688   0x00000004   Code   RO          128    i.BusFault_Handler  stm32f1xx_it.o
    0x0800468c   0x00000002   Code   RO          129    i.DebugMon_Handler  stm32f1xx_it.o
    0x0800468e   0x00000004   Code   RO          231    i.Error_Handler     main.o
    0x08004692   0x00000002   PAD
    0x08004694   0x00000028   Code   RO         1138    i.FLASH_MassErase   stm32f1xx_hal_flash_ex.o
    0x080046bc   0x00000028   Code   RO         1147    i.FLASH_PageErase   stm32f1xx_hal_flash_ex.o
    0x080046e4   0x00000018   Code   RO         1992    i.FLASH_PagesMask   common.o
    0x080046fc   0x00000020   Code   RO         1558    i.FLASH_Program_HalfWord  stm32f1xx_hal_flash.o
    0x0800471c   0x00000068   Code   RO         1559    i.FLASH_SetErrorCode  stm32f1xx_hal_flash.o
    0x08004784   0x00000070   Code   RO         1560    i.FLASH_WaitForLastOperation  stm32f1xx_hal_flash.o
    0x080047f4   0x0000001a   Code   RO         1011    i.HAL_Delay         stm32f1xx_hal.o
    0x0800480e   0x00000002   PAD
    0x08004810   0x000000b0   Code   RO         1148    i.HAL_FLASHEx_Erase  stm32f1xx_hal_flash_ex.o
    0x080048c0   0x000000b0   Code   RO         1569    i.HAL_FLASH_Program  stm32f1xx_hal_flash.o
    0x08004970   0x0000002c   Code   RO         1571    i.HAL_FLASH_Unlock  stm32f1xx_hal_flash.o
    0x0800499c   0x0000031c   Code   RO          497    i.HAL_GPIO_Init     stm32f1xx_hal_gpio.o
    0x08004cb8   0x0000000c   Code   RO         1015    i.HAL_GetTick       stm32f1xx_hal.o
    0x08004cc4   0x00000010   Code   RO         1016    i.HAL_IncTick       stm32f1xx_hal.o
    0x08004cd4   0x00000028   Code   RO         1017    i.HAL_Init          stm32f1xx_hal.o
    0x08004cfc   0x00000024   Code   RO         1018    i.HAL_InitTick      stm32f1xx_hal.o
    0x08004d20   0x0000008c   Code   RO          207    i.HAL_MspInit       stm32f1xx_hal_msp.o
    0x08004dac   0x0000007c   Code   RO         1426    i.HAL_NVIC_SetPriority  stm32f1xx_hal_cortex.o
    0x08004e28   0x00000028   Code   RO         1427    i.HAL_NVIC_SetPriorityGrouping  stm32f1xx_hal_cortex.o
    0x08004e50   0x00000044   Code   RO         1428    i.HAL_NVIC_SystemReset  stm32f1xx_hal_cortex.o
    0x08004e94   0x00000298   Code   RO         1317    i.HAL_RCC_ClockConfig  stm32f1xx_hal_rcc.o
    0x0800512c   0x0000000c   Code   RO         1322    i.HAL_RCC_GetHCLKFreq  stm32f1xx_hal_rcc.o
    0x08005138   0x0000002c   Code   RO         1324    i.HAL_RCC_GetPCLK1Freq  stm32f1xx_hal_rcc.o
    0x08005164   0x0000002c   Code   RO         1325    i.HAL_RCC_GetPCLK2Freq  stm32f1xx_hal_rcc.o
    0x08005190   0x000000b4   Code   RO         1326    i.HAL_RCC_GetSysClockFreq  stm32f1xx_hal_rcc.o
    0x08005244   0x00000878   Code   RO         1329    i.HAL_RCC_OscConfig  stm32f1xx_hal_rcc.o
    0x08005abc   0x00000028   Code   RO         1429    i.HAL_SYSTICK_CLKSourceConfig  stm32f1xx_hal_cortex.o
    0x08005ae4   0x00000002   Code   RO         1430    i.HAL_SYSTICK_Callback  stm32f1xx_hal_cortex.o
    0x08005ae6   0x00000034   Code   RO         1431    i.HAL_SYSTICK_Config  stm32f1xx_hal_cortex.o
    0x08005b1a   0x00000008   Code   RO         1432    i.HAL_SYSTICK_IRQHandler  stm32f1xx_hal_cortex.o
    0x08005b22   0x0000006e   Code   RO          778    i.HAL_UART_Init     stm32f1xx_hal_uart.o
    0x08005b90   0x000000b4   Code   RO          315    i.HAL_UART_MspInit  usart.o
    0x08005c44   0x000000f8   Code   RO          781    i.HAL_UART_Receive  stm32f1xx_hal_uart.o
    0x08005d3c   0x000000f0   Code   RO          786    i.HAL_UART_Transmit  stm32f1xx_hal_uart.o
    0x08005e2c   0x00000004   Code   RO          130    i.HardFault_Handler  stm32f1xx_it.o
    0x08005e30   0x00000058   Code   RO         1993    i.Int2Str           common.o
    0x08005e88   0x0000002c   Code   RO          392    i.JumpToApplication  bl_command.o
    0x08005eb4   0x00000040   Code   RO          290    i.MX_GPIO_Init      gpio.o
    0x08005ef4   0x00000038   Code   RO          316    i.MX_USART1_UART_Init  usart.o
    0x08005f2c   0x00000038   Code   RO          317    i.MX_USART2_UART_Init  usart.o
    0x08005f64   0x00000004   Code   RO          131    i.MemManage_Handler  stm32f1xx_it.o
    0x08005f68   0x00000002   Code   RO          132    i.NMI_Handler       stm32f1xx_it.o
    0x08005f6a   0x00000002   PAD
    0x08005f6c   0x00000010   Code   RO         1433    i.NVIC_GetPriorityGrouping  stm32f1xx_hal_cortex.o
    0x08005f7c   0x00000028   Code   RO         1434    i.NVIC_SetPriority  stm32f1xx_hal_cortex.o
    0x08005fa4   0x00000002   Code   RO          133    i.PendSV_Handler    stm32f1xx_it.o
    0x08005fa6   0x00000002   PAD
    0x08005fa8   0x000000cc   Code   RO         1953    i.Receive_Packet    ymodem.o
    0x08006074   0x00000002   Code   RO          134    i.SVC_Handler       stm32f1xx_it.o
    0x08006076   0x00000002   PAD
    0x08006078   0x00000018   Code   RO         1954    i.Send_Byte         ymodem.o
    0x08006090   0x000002b0   Code   RO         1924    i.SerialDownload    download.o
    0x08006340   0x00000104   Code   RO         1996    i.Str2Int           common.o
    0x08006444   0x0000000c   Code   RO          135    i.SysTick_Handler   stm32f1xx_it.o
    0x08006450   0x0000007c   Code   RO          232    i.SystemClock_Config  main.o
    0x080064cc   0x00000058   Code   RO           14    i.SystemInit        system_stm32f1xx.o
    0x08006524   0x000001c8   Code   RO          798    i.UART_SetConfig    stm32f1xx_hal_uart.o
    0x080066ec   0x000000fa   Code   RO          800    i.UART_WaitOnFlagUntilTimeout  stm32f1xx_hal_uart.o
    0x080067e6   0x00000004   Code   RO          136    i.UsageFault_Handler  stm32f1xx_it.o
    0x080067ea   0x00000002   PAD
    0x080067ec   0x00000258   Code   RO         1955    i.Ymodem_Receive    ymodem.o
    0x08006a44   0x00000024   Code   RO         2064    i.__0vsprintf       mc_w.l(printfa.o)
    0x08006a68   0x0000000e   Code   RO         2129    i.__scatterload_copy  mc_w.l(handlers.o)
    0x08006a76   0x00000002   Code   RO         2130    i.__scatterload_null  mc_w.l(handlers.o)
    0x08006a78   0x0000000e   Code   RO         2131    i.__scatterload_zeroinit  mc_w.l(handlers.o)
    0x08006a86   0x00000002   PAD
    0x08006a88   0x00000184   Code   RO         2065    i._fp_digits        mc_w.l(printfa.o)
    0x08006c0c   0x000006dc   Code   RO         2066    i._printf_core      mc_w.l(printfa.o)
    0x080072e8   0x00000024   Code   RO         2067    i._printf_post_padding  mc_w.l(printfa.o)
    0x0800730c   0x0000002e   Code   RO         2068    i._printf_pre_padding  mc_w.l(printfa.o)
    0x0800733a   0x0000000a   Code   RO         2070    i._sputc            mc_w.l(printfa.o)
    0x08007344   0x00000088   Code   RO          393    i.commandAllDisplay  bl_command.o
    0x080073cc   0x000000a4   Code   RO          394    i.commandGet        bl_command.o
    0x08007470   0x0000000a   Code   RO          395    i.commandRun        bl_command.o
    0x0800747a   0x00000002   PAD
    0x0800747c   0x00000054   Code   RO          397    i.doanloadAndRunApp  bl_command.o
    0x080074d0   0x00000044   Code   RO          398    i.downloadApp       bl_command.o
    0x08007514   0x00000048   Code   RO         1713    i.iprintf           amc_lib.o
    0x0800755c   0x00000354   Code   RO          233    i.main              main.o
    0x080078b0   0x0000003c   Code   RO          399    i.reboot            bl_command.o
    0x080078ec   0x0000011c   Code   RO          400    i.runApp            bl_command.o
    0x08007a08   0x00000018   Data   RO           15    .constdata          system_stm32f1xx.o
    0x08007a20   0x0000007a   Data   RO          402    .conststring        bl_command.o
    0x08007a9a   0x00000002   PAD
    0x08007a9c   0x00000053   Data   RO         1926    .conststring        download.o
    0x08007aef   0x00000001   PAD
    0x08007af0   0x00000020   Data   RO         2127    Region$$Table       anon$$obj.o


    Execution Region RW_IRAM1 (Base: 0x20001000, Size: 0x000009e0, Max: 0x00004000, ABSOLUTE)

    Base Addr    Size         Type   Attr      Idx    E Section Name        Object

    0x20001000   0x00000004   Data   RW           16    .data               system_stm32f1xx.o
    0x20001004   0x00000020   Data   RW          403    .data               bl_command.o
    0x20001024   0x00000004   Data   RW         1023    .data               stm32f1xx_hal.o
    0x20001028   0x00000014   Data   RW         1957    .data               ymodem.o
    0x2000103c   0x00000080   Zero   RW          318    .bss                usart.o
    0x200010bc   0x00000004   PAD
    0x200010c0   0x00000020   Zero   RW         1572    .bss                stm32f1xx_hal_flash.o
    0x200010e0   0x00000400   Zero   RW         1925    .bss                download.o
    0x200014e0   0x00000100   Zero   RW         1956    .bss                ymodem.o
    0x200015e0   0x00000400   Zero   RW            1    STACK               startup_stm32f103xb.o


==============================================================================

Image component sizes


      Code (inc. data)   RO Data    RW Data    ZI Data      Debug   Object Name

        72          6          0          0          0       1218   amc_lib.o
       850        366        122         32          0       8770   bl_command.o
       372          4          0          0          0       2449   common.o
       688        284         83          0       1024       1600   download.o
        64          6          0          0          0        727   gpio.o
       980        246          0          0          0       3228   main.o
        36          8        236          0       1024        788   startup_stm32f103xb.o
       130         16          0          4          0       3514   stm32f1xx_hal.o
       390         30          0          0          0      27691   stm32f1xx_hal_cortex.o
       468         48          0          0         32       3521   stm32f1xx_hal_flash.o
       256         26          0          0          0       2555   stm32f1xx_hal_flash_ex.o
       796         32          0          0          0       2188   stm32f1xx_hal_gpio.o
       140         10          0          0          0        814   stm32f1xx_hal_msp.o
      3112        100          0          0          0       5660   stm32f1xx_hal_rcc.o
      1304          6          0          0          0       4567   stm32f1xx_hal_uart.o
        36          0          0          0          0       3702   stm32f1xx_it.o
        88         18         24          4          0     433631   system_stm32f1xx.o
       292         38          0          0        128       2103   usart.o
       828         32          0         20        256       3767   ymodem.o

    ----------------------------------------------------------------------
     10916       1276        500         60       2468     512493   Object Totals
         0          0         32          0          0          0   (incl. Generated)
        14          0          3          0          4          0   (incl. Padding)

    ----------------------------------------------------------------------

      Code (inc. data)   RO Data    RW Data    ZI Data      Debug   Library Member Name

         0          0          0          0          0          0   entry.o
         0          0          0          0          0          0   entry10a.o
         0          0          0          0          0          0   entry11a.o
         8          4          0          0          0          0   entry2.o
         4          0          0          0          0          0   entry5.o
         0          0          0          0          0          0   entry7b.o
         0          0          0          0          0          0   entry8b.o
         8          4          0          0          0          0   entry9a.o
        30          0          0          0          0          0   handlers.o
        36          8          0          0          0         68   init.o
         0          0          0          0          0          0   iusefp.o
        30          0          0          0          0         68   llshl.o
        36          0          0          0          0         68   llsshr.o
        32          0          0          0          0         68   llushr.o
        36          0          0          0          0         68   memcpya.o
      2272         86          0          0          0        516   printfa.o
        44          0          0          0          0         80   uidiv.o
        98          0          0          0          0         92   uldiv.o
        48          0          0          0          0         68   cdrcmple.o
       334          0          0          0          0        148   dadd.o
       222          0          0          0          0        100   ddiv.o
       186          0          0          0          0        176   depilogue.o
        48          0          0          0          0         68   dfixul.o
       228          0          0          0          0         96   dmul.o

    ----------------------------------------------------------------------
      3704        102          0          0          0       1684   Library Totals
         4          0          0          0          0          0   (incl. Padding)

    ----------------------------------------------------------------------

      Code (inc. data)   RO Data    RW Data    ZI Data      Debug   Library Name

      2634        102          0          0          0       1028   mc_w.l
      1066          0          0          0          0        656   mf_w.l

    ----------------------------------------------------------------------
      3704        102          0          0          0       1684   Library Totals

    ----------------------------------------------------------------------

==============================================================================


      Code (inc. data)   RO Data    RW Data    ZI Data      Debug   

     14620       1378        500         60       2468     510169   Grand Totals
     14620       1378        500         60       2468     510169   ELF Image Totals
     14620       1378        500         60          0          0   ROM Totals

==============================================================================

    Total RO  Size (Code + RO Data)                15120 (  14.77kB)
    Total RW  Size (RW Data + ZI Data)              2528 (   2.47kB)
    Total ROM Size (Code + RO Data + RW Data)      15180 (  14.82kB)

==============================================================================

